******************************************************************************
                  TI ARM Linker PC v20.2.7                     
******************************************************************************
>> Linked Tue Apr 28 14:35:45 2026

OUTPUT FILE NAME:   <Lab Project.out>
ENTRY POINT SYMBOL: "_c_int00_noargs"  address: 00004a45


MEMORY CONFIGURATION

         name            origin    length      used     unused   attr    fill
----------------------  --------  ---------  --------  --------  ----  --------
  FLASH                 00000000   00040000  000055c8  0003aa38  R  X
  SRAM                  20000000   00008000  00001c60  000063a0  RW X


SEGMENT ALLOCATION MAP

run origin  load origin   length   init length attrs members
----------  ----------- ---------- ----------- ----- -------
00000000    00000000    000055c8   000055c8    r-x
  00000000    00000000    0000026c   0000026c    r-- .intvecs
  0000026c    0000026c    00004d2c   00004d2c    r-x .text
  00004f98    00004f98    00000460   00000460    r-- .const
  000053f8    000053f8    000001d0   000001d0    r-- .cinit
20000000    20000000    00001c64   00000000    rw-
  20000000    20000000    0000026c   00000000    rw- .vtable
  20000270    20000270    00000800   00000000    rw- .stack
  20000a70    20000a70    00000800   00000000    rw- .sysmem
  20001270    20001270    00000648   00000000    rw- .data
  200018b8    200018b8    000003ac   00000000    rw- .bss


SECTION ALLOCATION MAP

 output                                  attributes/
section   page    origin      length       input sections
--------  ----  ----------  ----------   ----------------
.intvecs   0    00000000    0000026c     
                  00000000    0000026c     tm4c123gh6pm_startup_ccs.obj (.intvecs)

.text      0    0000026c    00004d2c     
                  0000026c    00000a4e     rtsv7M4_T_le_v4SPD16_eabi.lib : _printfi.c.obj (.text:__TI_printfi)
                  00000cba    00000002                                   : _lock.c.obj (.text:_nop)
                  00000cbc    0000058c                                   : e_powf.c.obj (.text:powf)
                  00001248    00000470     Util.lib : event.obj (.text)
                  000016b8    000003dc     lab_project_main.obj (.text)
                  00001a94    00000270     rtsv7M4_T_le_v4SPD16_eabi.lib : _printfi.c.obj (.text:_pconv_a)
                  00001d04    000001fc     seg7raw.obj (.text)
                  00001f00    000001d0     rtsv7M4_T_le_v4SPD16_eabi.lib : _printfi.c.obj (.text:_pconv_g)
                  000020d0    000001b6                                   : fd_add_t2.asm.obj (.text)
                  00002286    00000002                                   : div0.asm.obj (.text)
                  00002288    000001a4     seg7digit.obj (.text)
                  0000242c    00000198     Util.lib : pushbutton.obj (.text)
                  000025c4    0000016c     driverlib.lib : gpio.obj (.text:GPIOPadConfigSet)
                  00002730    00000154     ras.obj (.text)
                  00002884    0000013c     rtsv7M4_T_le_v4SPD16_eabi.lib : _printfi.c.obj (.text:_pconv_e)
                  000029c0    00000136                                   : fd_div_t2.asm.obj (.text)
                  00002af6    00000002     --HOLE-- [fill = 0]
                  00002af8    00000124                                   : _printfi.c.obj (.text:fcvt)
                  00002c1c    00000118     driverlib.lib : sysctl.obj (.text:SysCtlClockGet)
                  00002d34    00000114     rtsv7M4_T_le_v4SPD16_eabi.lib : fputs.c.obj (.text:fputs)
                  00002e48    00000110                                   : s_scalbn.c.obj (.text:scalbn)
                  00002f58    00000100                                   : memory.c.obj (.text:aligned_alloc)
                  00003058    000000fc                                   : fd_mul_t2.asm.obj (.text)
                  00003154    000000f4     driverlib.lib : sysctl.obj (.text:SysCtlClockSet)
                  00003248    000000e4     rtsv7M4_T_le_v4SPD16_eabi.lib : memory.c.obj (.text:free)
                  0000332c    000000dc                                   : setvbuf.c.obj (.text:setvbuf)
                  00003408    000000d0     music_buzzer.obj (.text)
                  000034d8    000000d0     rtsv7M4_T_le_v4SPD16_eabi.lib : s_scalbnf.c.obj (.text:scalbnf)
                  000035a8    000000c8     Util.lib : uart.obj (.text)
                  00003670    000000c0              : launchpad.obj (.text)
                  00003730    000000b1     rtsv7M4_T_le_v4SPD16_eabi.lib : _printfi.c.obj (.text:_ltostr)
                  000037e1    00000001     --HOLE-- [fill = 0]
                  000037e2    0000009c                                   : memcpy_t2.asm.obj (.text)
                  0000387e    00000096                                   : ull_div_t2.asm.obj (.text)
                  00003914    00000086                                   : fd_cmp_t2.asm.obj (.text:__aeabi_cdcmple)
                  0000399a    00000086                                   : fd_cmp_t2.asm.obj (.text:__aeabi_cdrcmple)
                  00003a20    00000084     Util.lib : led.obj (.text)
                  00003aa4    0000007c     rtsv7M4_T_le_v4SPD16_eabi.lib : fflush.c.obj (.text:fflush)
                  00003b20    0000007a     driverlib.lib : adc.obj (.text:ADCSequenceStepConfigure)
                  00003b9a    0000007a     rtsv7M4_T_le_v4SPD16_eabi.lib : memset_t2.asm.obj (.text)
                  00003c14    00000078     pwm_buzzer.obj (.text)
                  00003c8c    00000074     rtsv7M4_T_le_v4SPD16_eabi.lib : fclose.c.obj (.text:__TI_closefile)
                  00003d00    00000070                                   : memory.c.obj (.text:split)
                  00003d70    0000006e                                   : _printfi.c.obj (.text:_mcpy)
                  00003dde    00000002     --HOLE-- [fill = 0]
                  00003de0    0000006c                                   : hostrename.c.obj (.text:HOSTrename)
                  00003e4c    00000068                                   : hostlseek.c.obj (.text:HOSTlseek)
                  00003eb4    00000068     driverlib.lib : interrupt.obj (.text:IntEnable)
                  00003f1c    00000068     rtsv7M4_T_le_v4SPD16_eabi.lib : copy_decompress_lzss.c.obj (.text:decompress:lzss:__TI_decompress_lzss)
                  00003f84    00000064                                   : s_frexp.c.obj (.text:frexp)
                  00003fe8    00000064                                   : fseek.c.obj (.text:fseek)
                  0000404c    00000062                                   : _io_perm.c.obj (.text:__TI_wrt_ok)
                  000040ae    00000002     --HOLE-- [fill = 0]
                  000040b0    00000060                                   : hostopen.c.obj (.text:HOSTopen)
                  00004110    00000060     driverlib.lib : timer.obj (.text:TimerConfigure)
                  00004170    0000005c     rtsv7M4_T_le_v4SPD16_eabi.lib : close.c.obj (.text:close)
                  000041cc    00000058     driverlib.lib : gpio.obj (.text:GPIOIntTypeSet)
                  00004224    00000058     rtsv7M4_T_le_v4SPD16_eabi.lib : hostread.c.obj (.text:HOSTread)
                  0000427c    00000058                                   : hostwrite.c.obj (.text:HOSTwrite)
                  000042d4    00000056                                   : _printfi.c.obj (.text:_pconv_f)
                  0000432a    00000054                                   : _ltoa.c.obj (.text:__TI_ltoa)
                  0000437e    00000052                                   : _printfi.c.obj (.text:_ecpy)
                  000043d0    00000050     driverlib.lib : adc.obj (.text:_ADCIntNumberGet)
                  00004420    0000004e                   : adc.obj (.text:ADCSequenceConfigure)
                  0000446e    00000002     --HOLE-- [fill = 0]
                  00004470    0000004c                   : gpio.obj (.text:GPIOPinConfigure)
                  000044bc    0000004c     rtsv7M4_T_le_v4SPD16_eabi.lib : fflush.c.obj (.text:__TI_doflush)
                  00004508    0000004c                                   : atoi.c.obj (.text:atoi)
                  00004554    00000048                                   : exit.c.obj (.text:exit)
                  0000459c    00000048                                   : fd_toi_t2.asm.obj (.text)
                  000045e4    00000046     driverlib.lib : uart.obj (.text:UARTConfigSetExpClk)
                  0000462a    00000002     --HOLE-- [fill = 0]
                  0000462c    00000046     ras_asm.obj (.text)
                  00004672    00000046     seg7_asm.obj (.text)
                  000046b8    00000044     rtsv7M4_T_le_v4SPD16_eabi.lib : hostclose.c.obj (.text:HOSTclose)
                  000046fc    00000044                                   : hostunlink.c.obj (.text:HOSTunlink)
                  00004740    00000044     driverlib.lib : gpio.obj (.text:_GPIOIntNumberGet)
                  00004784    00000044     rtsv7M4_T_le_v4SPD16_eabi.lib : autoinit.c.obj (.text:__TI_auto_init_nobinit_nopinit:__TI_auto_init_nobinit_nopinit)
                  000047c8    00000044                                   : getdevice.c.obj (.text:getdevice)
                  0000480c    00000040                                   : u_divt2.asm.obj (.text)
                  0000484c    00000040                                   : vsnprintf.c.obj (.text:vsnprintf)
                  0000488c    0000003e                                   : _printfi.c.obj (.text:_fcpy)
                  000048ca    00000002     --HOLE-- [fill = 0]
                  000048cc    00000038                                   : trgmsg.c.obj (.text:__TI_writemsg)
                  00004904    00000038                                   : fs_tod_t2.asm.obj (.text)
                  0000493c    00000036                                   : strncpy.c.obj (.text:strncpy)
                  00004972    00000002     --HOLE-- [fill = 0]
                  00004974    00000034     driverlib.lib : interrupt.obj (.text:IntRegister)
                  000049a8    00000034                   : sysctl.obj (.text:SysCtlPeripheralEnable)
                  000049dc    00000034     rtsv7M4_T_le_v4SPD16_eabi.lib : fopen.c.obj (.text:__TI_cleanup)
                  00004a10    00000034                                   : trgmsg.c.obj (.text:__TI_readmsg)
                  00004a44    00000034                                   : boot_cortex_m.c.obj (.text:_c_int00_noargs:_c_int00_noargs)
                  00004a78    00000030                                   : vsnprintf.c.obj (.text:_outs)
                  00004aa8    00000030                                   : getdevice.c.obj (.text:finddevice)
                  00004ad8    0000002e                                   : i_tofd_t2.asm.obj (.text)
                  00004b06    0000002c     driverlib.lib : gpio.obj (.text:GPIODirModeSet)
                  00004b32    00000002     --HOLE-- [fill = 0]
                  00004b34    0000002c     rtsv7M4_T_le_v4SPD16_eabi.lib : unlink.c.obj (.text:unlink)
                  00004b60    00000028                                   : memory.c.obj (.text:free_list_insert)
                  00004b88    00000028                                   : lseek.c.obj (.text:lseek)
                  00004bb0    00000028                                   : e_sqrtf.c.obj (.text:sqrtf)
                  00004bd8    00000028                                   : write.c.obj (.text:write)
                  00004c00    00000024     driverlib.lib : interrupt.obj (.text:IntPrioritySet)
                  00004c24    00000020                   : uart.obj (.text:UARTDisable)
                  00004c44    00000020     rtsv7M4_T_le_v4SPD16_eabi.lib : memchr.c.obj (.text:memchr)
                  00004c64    0000001e     driverlib.lib : adc.obj (.text:ADCSequenceDataGet)
                  00004c82    00000002     --HOLE-- [fill = 0]
                  00004c84    0000001c                   : systick.obj (.text:SysTickIntRegister)
                  00004ca0    0000001c     rtsv7M4_T_le_v4SPD16_eabi.lib : assert.c.obj (.text:_abort_msg)
                  00004cbc    0000001c                                   : memory.c.obj (.text:free_list_remove)
                  00004cd8    0000001c                                   : memccpy.c.obj (.text:memccpy)
                  00004cf4    0000001a     driverlib.lib : gpio.obj (.text:GPIOPinTypeGPIOOutput)
                  00004d0e    0000001a     rtsv7M4_T_le_v4SPD16_eabi.lib : s_copysign.c.obj (.text:copysign)
                  00004d28    00000018     driverlib.lib : adc.obj (.text:ADCIntRegister)
                  00004d40    00000018                   : adc.obj (.text:ADCProcessorTrigger)
                  00004d58    00000018                   : gpio.obj (.text:GPIOIntRegister)
                  00004d70    00000018                   : timer.obj (.text:TimerControlLevel)
                  00004d88    00000018     rtsv7M4_T_le_v4SPD16_eabi.lib : vsnprintf.c.obj (.text:_outc)
                  00004da0    00000018                                   : s_copysignf.c.obj (.text:copysignf)
                  00004db8    00000018                                   : strcmp.c.obj (.text:strcmp)
                  00004dd0    00000016     lab_project_main.obj (.text:EventInitialized)
                  00004de6    00000016     driverlib.lib : gpio.obj (.text:GPIOPinTypeGPIOInput)
                  00004dfc    00000016                   : gpio.obj (.text:GPIOPinTypeTimer)
                  00004e12    00000016                   : gpio.obj (.text:GPIOPinTypeUART)
                  00004e28    00000016     rtsv7M4_T_le_v4SPD16_eabi.lib : strchr.c.obj (.text:strchr)
                  00004e3e    00000002     --HOLE-- [fill = 0]
                  00004e40    00000014     driverlib.lib : systick.obj (.text:SysTickEnable)
                  00004e54    00000014                   : systick.obj (.text:SysTickIntEnable)
                  00004e68    00000014                   : uart.obj (.text:UARTEnable)
                  00004e7c    00000014     rtsv7M4_T_le_v4SPD16_eabi.lib : strcpy.c.obj (.text:strcpy)
                  00004e90    00000014                                   : strlen.c.obj (.text:strlen)
                  00004ea4    00000012     driverlib.lib : timer.obj (.text:TimerLoadSet)
                  00004eb6    00000012                   : timer.obj (.text:TimerMatchSet)
                  00004ec8    00000012     rtsv7M4_T_le_v4SPD16_eabi.lib : wcslen.c.obj (.text:wcslen)
                  00004eda    00000010     driverlib.lib : adc.obj (.text:ADCIntEnable)
                  00004eea    00000002     --HOLE-- [fill = 0]
                  00004eec    00000010                   : systick.obj (.text:SysTickPeriodSet)
                  00004efc    0000000e                   : adc.obj (.text:ADCSequenceEnable)
                  00004f0a    0000000e                   : timer.obj (.text:TimerEnable)
                  00004f18    0000000e     rtsv7M4_T_le_v4SPD16_eabi.lib : copy_decompress_none.c.obj (.text:decompress:none:__TI_decompress_none)
                  00004f26    0000000c     driverlib.lib : gpio.obj (.text:GPIOIntEnable)
                  00004f32    0000000c     rtsv7M4_T_le_v4SPD16_eabi.lib : copy_zero_init.c.obj (.text:decompress:ZI:__TI_zero_init)
                  00004f3e    0000000c     tm4c123gh6pm_startup_ccs.obj (.text)
                  00004f4a    0000000a     driverlib.lib : adc.obj (.text:ADCIntClear)
                  00004f54    0000000a                   : uart.obj (.text:UARTCharGet)
                  00004f5e    0000000a                   : uart.obj (.text:UARTCharPut)
                  00004f68    00000008     rtsv7M4_T_le_v4SPD16_eabi.lib : errno.c.obj (.text:__aeabi_errno_addr)
                  00004f70    00000008                                   : memory.c.obj (.text:malloc)
                  00004f78    00000006     driverlib.lib : gpio.obj (.text:GPIOIntClear)
                  00004f7e    00000006                   : gpio.obj (.text:GPIOPinRead)
                  00004f84    00000006                   : gpio.obj (.text:GPIOPinWrite)
                  00004f8a    00000006                   : sysctl.obj (.text:SysCtlDelay)
                  00004f90    00000004     rtsv7M4_T_le_v4SPD16_eabi.lib : pre_init.c.obj (.text:_system_pre_init)
                  00004f94    00000004                                   : exit.c.obj (.text:abort:abort)

.const     0    00004f98    00000460     
                  00004f98    00000101     rtsv7M4_T_le_v4SPD16_eabi.lib : ctype.c.obj (.const:.string:_ctypes_)
                  00005099    00000003     --HOLE-- [fill = 0]
                  0000509c    000000d8     driverlib.lib : gpio.obj (.const:g_ppui32GPIOIntMapSnowflake)
                  00005174    000000c0                   : gpio.obj (.const:g_ppui32GPIOIntMapBlizzard)
                  00005234    0000009c                   : interrupt.obj (.const:g_pui32Regs)
                  000052d0    00000090                   : gpio.obj (.const:g_pui32GPIOBaseAddrs)
                  00005360    0000006c                   : sysctl.obj (.const:g_pui32Xtals)
                  000053cc    00000018     rtsv7M4_T_le_v4SPD16_eabi.lib : e_powf.c.obj (.const:$O1$$)
                  000053e4    00000014     driverlib.lib : interrupt.obj (.const:g_pui32EnRegs)

.cinit     0    000053f8    000001d0     
                  000053f8    00000198     (.cinit..data.load) [load image, compression = lzss]
                  00005590    0000000c     (__TI_handler_table)
                  0000559c    00000004     --HOLE-- [fill = 0]
                  000055a0    00000008     (.cinit..bss.load) [load image, compression = zero_init]
                  000055a8    00000008     (.cinit..vtable.load) [load image, compression = zero_init]
                  000055b0    00000018     (__TI_cinit_table)

.init_array 
*          0    00000000    00000000     UNINITIALIZED

.vtable    0    20000000    0000026c     UNINITIALIZED
                  20000000    0000026c     driverlib.lib : interrupt.obj (.vtable)

.stack     0    20000270    00000800     UNINITIALIZED
                  20000270    00000004     rtsv7M4_T_le_v4SPD16_eabi.lib : boot_cortex_m.c.obj (.stack)
                  20000274    000007fc     --HOLE--

.sysmem    0    20000a70    00000800     UNINITIALIZED
                  20000a70    00000010     rtsv7M4_T_le_v4SPD16_eabi.lib : memory.c.obj (.sysmem)
                  20000a80    000007f0     --HOLE--

.data      0    20001270    00000648     UNINITIALIZED
                  20001270    000001f8     lab_project_main.obj (.data:track1_notes)
                  20001468    000001f4     lab_project_main.obj (.data:track1_duration)
                  2000165c    000000f0     rtsv7M4_T_le_v4SPD16_eabi.lib : defs.c.obj (.data:_ftable)
                  2000174c    00000078                                   : host_device.c.obj (.data:_device)
                  200017c4    00000050                                   : host_device.c.obj (.data:_stream)
                  20001814    00000030     music_buzzer.obj (.data:buzzer_baseToneCycles)
                  20001844    00000024     lab_project_main.obj (.data:buzzer_sys)
                  20001868    00000010     rtsv7M4_T_le_v4SPD16_eabi.lib : defs.c.obj (.data)
                  20001878    0000000c                                   : exit.c.obj (.data:$O1$$)
                  20001884    0000000c     seg7digit.obj (.data:seg7_coding_table)
                  20001890    00000008     rtsv7M4_T_le_v4SPD16_eabi.lib : _lock.c.obj (.data:$O1$$)
                  20001898    00000008                                   : memory.c.obj (.data:$O1$$)
                  200018a0    00000008     lab_project_main.obj (.data)
                  200018a8    00000005     Util.lib : event.obj (.data)
                  200018ad    00000003     --HOLE--
                  200018b0    00000004              : pushbutton.obj (.data)
                  200018b4    00000004     rtsv7M4_T_le_v4SPD16_eabi.lib : errno.c.obj (.data)

.bss       0    200018b8    000003ac     UNINITIALIZED
                  200018b8    00000120     rtsv7M4_T_le_v4SPD16_eabi.lib : trgmsg.c.obj (.bss:_CIOBUF_)
                  200019d8    00000100     Util.lib : event.obj (.bss:bin_head)
                  20001ad8    000000a0     (.common:__TI_tmpnams)
                  20001b78    00000054              : uart.obj (.bss:buffer$1)
                  20001bcc    00000014     (.common:check_push_button_event)
                  20001be0    00000014     (.common:display_update_event)
                  20001bf4    00000014     (.common:play_sound_event)
                  20001c08    00000014     (.common:ras_data_event)
                  20001c1c    00000014     (.common:ras_trigger_event)
                  20001c30    00000010              : event.obj (.bss:bin_head_heap)
                  20001c40    00000010              : pushbutton.obj (.bss:push_button)
                  20001c50    0000000c     (.common:rotary_angle_sensor)
                  20001c5c    00000008     (.common:parmbuf)

__llvm_prf_cnts 
*          0    20000000    00000000     UNINITIALIZED

MODULE SUMMARY

       Module                         code    ro data   rw data
       ------                         ----    -------   -------
    .\
       lab_project_main.obj           1010    0         1148   
       tm4c123gh6pm_startup_ccs.obj   12      620       0      
       seg7raw.obj                    508     0         0      
       seg7digit.obj                  420     0         12     
       ras.obj                        340     0         12     
       music_buzzer.obj               208     0         48     
       pwm_buzzer.obj                 120     0         0      
       ras_asm.obj                    70      0         0      
       seg7_asm.obj                   70      0         0      
    +--+------------------------------+-------+---------+---------+
       Total:                         2758    620       1220   
                                                               
    C:/Users/aweso/OneDrive/Desktop/ECE 266/LabGroupC1/Util/Util/Debug/Util.lib
       event.obj                      1136    0         277    
       pushbutton.obj                 408     0         20     
       uart.obj                       200     0         84     
       launchpad.obj                  192     0         0      
       led.obj                        132     0         0      
    +--+------------------------------+-------+---------+---------+
       Total:                         2068    0         381    
                                                               
    C:/ti/TivaWare_C_Series-2.2.0.295/driverlib/ccs/Debug/driverlib.lib
       gpio.obj                       786     552       0      
       interrupt.obj                  192     176       620    
       sysctl.obj                     582     108       0      
       adc.obj                        398     0         0      
       timer.obj                      170     0         0      
       uart.obj                       142     0         0      
       systick.obj                    84      0         0      
    +--+------------------------------+-------+---------+---------+
       Total:                         2354    836       620    
                                                               
    C:\ti\ccs1281\ccs\tools\compiler\ti-cgt-arm_20.2.7.LTS\lib\rtsv7M4_T_le_v4SPD16_eabi.lib
       _printfi.c.obj                 4851    0         0      
       e_powf.c.obj                   1420    24        0      
       memory.c.obj                   672     0         8      
       fd_add_t2.asm.obj              438     0         0      
       defs.c.obj                     0       0         416    
       trgmsg.c.obj                   108     0         288    
       fd_div_t2.asm.obj              310     0         0      
       fputs.c.obj                    276     0         0      
       s_scalbn.c.obj                 272     0         0      
       fd_cmp_t2.asm.obj              268     0         0      
       ctype.c.obj                    0       257       0      
       fd_mul_t2.asm.obj              252     0         0      
       setvbuf.c.obj                  220     0         0      
       s_scalbnf.c.obj                208     0         0      
       fflush.c.obj                   200     0         0      
       host_device.c.obj              0       0         200    
       memcpy_t2.asm.obj              156     0         0      
       ull_div_t2.asm.obj             150     0         0      
       vsnprintf.c.obj                136     0         0      
       memset_t2.asm.obj              122     0         0      
       fclose.c.obj                   116     0         0      
       getdevice.c.obj                116     0         0      
       hostrename.c.obj               108     0         0      
       copy_decompress_lzss.c.obj     104     0         0      
       hostlseek.c.obj                104     0         0      
       hostopen.c.obj                 96      0         8      
       fseek.c.obj                    100     0         0      
       s_frexp.c.obj                  100     0         0      
       _io_perm.c.obj                 98      0         0      
       close.c.obj                    92      0         0      
       exit.c.obj                     76      0         12     
       hostread.c.obj                 88      0         0      
       hostwrite.c.obj                88      0         0      
       _ltoa.c.obj                    84      0         0      
       atoi.c.obj                     76      0         0      
       fd_toi_t2.asm.obj              72      0         0      
       autoinit.c.obj                 68      0         0      
       hostclose.c.obj                68      0         0      
       hostunlink.c.obj               68      0         0      
       u_divt2.asm.obj                64      0         0      
       fs_tod_t2.asm.obj              56      0         0      
       strncpy.c.obj                  54      0         0      
       boot_cortex_m.c.obj            52      0         0      
       fopen.c.obj                    52      0         0      
       i_tofd_t2.asm.obj              46      0         0      
       unlink.c.obj                   44      0         0      
       e_sqrtf.c.obj                  40      0         0      
       lseek.c.obj                    40      0         0      
       write.c.obj                    40      0         0      
       memchr.c.obj                   32      0         0      
       assert.c.obj                   28      0         0      
       memccpy.c.obj                  28      0         0      
       s_copysign.c.obj               26      0         0      
       s_copysignf.c.obj              24      0         0      
       strcmp.c.obj                   24      0         0      
       strchr.c.obj                   22      0         0      
       strcpy.c.obj                   20      0         0      
       strlen.c.obj                   20      0         0      
       wcslen.c.obj                   18      0         0      
       copy_decompress_none.c.obj     14      0         0      
       copy_zero_init.c.obj           12      0         0      
       errno.c.obj                    8       0         4      
       _lock.c.obj                    2       0         8      
       pre_init.c.obj                 4       0         0      
       div0.asm.obj                   2       0         0      
    +--+------------------------------+-------+---------+---------+
       Total:                         12553   281       944    
                                                               
       Heap:                          0       0         2048   
       Stack:                         0       0         2048   
       Linker Generated:              0       460       0      
    +--+------------------------------+-------+---------+---------+
       Grand Total:                   19733   2197      7261   


LINKER GENERATED COPY TABLES

__TI_cinit_table @ 000055b0 records: 3, size/record: 8, table size: 24
	.data: load addr=000053f8, load size=00000198 bytes, run addr=20001270, run size=00000648 bytes, compression=lzss
	.bss: load addr=000055a0, load size=00000008 bytes, run addr=200018b8, run size=000003ac bytes, compression=zero_init
	.vtable: load addr=000055a8, load size=00000008 bytes, run addr=20000000, run size=0000026c bytes, compression=zero_init


LINKER GENERATED HANDLER TABLE

__TI_handler_table @ 00005590 records: 3, size/record: 4, table size: 12
	index: 0, handler: __TI_zero_init
	index: 1, handler: __TI_decompress_lzss
	index: 2, handler: __TI_decompress_none


GLOBAL SYMBOLS: SORTED ALPHABETICALLY BY Name 

address   name                           
-------   ----                           
00004f4b  ADCIntClear                    
00004edb  ADCIntEnable                   
00004d29  ADCIntRegister                 
00004d41  ADCProcessorTrigger            
00004421  ADCSequenceConfigure           
00004c65  ADCSequenceDataGet             
00004efd  ADCSequenceEnable              
00003b21  ADCSequenceStepConfigure       
00004f95  C$$EXIT                        
000048fb  C$$IO$$                        
000016b9  CheckPushButton                
00001561  EventDeschedule                
000015bd  EventExecute                   
00001609  EventGetCurrentTime            
00001433  EventInit                      
00004dd1  EventInitialized               
00001489  EventSchedule                  
000013b7  EventSchedulerInit             
00004b07  GPIODirModeSet                 
00004f79  GPIOIntClear                   
00004f27  GPIOIntEnable                  
00004d59  GPIOIntRegister                
000041cd  GPIOIntTypeSet                 
000025c5  GPIOPadConfigSet               
00004471  GPIOPinConfigure               
00004f7f  GPIOPinRead                    
00004de7  GPIOPinTypeGPIOInput           
00004cf5  GPIOPinTypeGPIOOutput          
00004dfd  GPIOPinTypeTimer               
00004e13  GPIOPinTypeUART                
00004f85  GPIOPinWrite                   
000046b9  HOSTclose                      
00003e4d  HOSTlseek                      
000040b1  HOSTopen                       
00004225  HOSTread                       
00003de1  HOSTrename                     
000046fd  HOSTunlink                     
0000427d  HOSTwrite                      
00001249  HeapifyDownwards               
00001319  HeapifyUpwards                 
00003eb5  IntEnable                      
00004c01  IntPrioritySet                 
00004975  IntRegister                    
0000369d  LaunchPadInit                  
00003a21  LedInit                        
00003a43  LedTurnOnOff                   
00003409  MusicInitBuzzer                
0000341f  MusicSetBuzzer                 
000034b1  MusicSetBuzzer_Track           
00003411  MusicTurnOffBuzzer             
0000171d  PlaySound                      
0000182f  ProcessRotationAngleReading    
00002495  PushButtonEventRegister        
0000242d  PushButtonInit                 
000024bf  PushButtonRead                 
000024af  PushButtonSetDebouncingDelay   
00003c15  PwmBuzzerInit                  
00003c51  PwmBuzzerSet                   
0000279f  RasDataRead                    
00002793  RasTriggerReading              
00004f3f  ResetISR                       
00004635  RotaryAngleSensorISR           
00002731  RotaryAngleSensorInit          
00002779  RotaryAngleSensorRegister      
00004673  Seg7DecomposeInt               
000022ed  Seg7DisplayInt                 
000023e5  Seg7DisplayLabel               
00002321  Seg7DisplaySigned              
00001d05  Seg7Init                       
00001e91  Seg7RawUpdate                  
00002289  Seg7Update                     
00002c1d  SysCtlClockGet                 
00003155  SysCtlClockSet                 
00004f8b  SysCtlDelay                    
000049a9  SysCtlPeripheralEnable         
00004e41  SysTickEnable                  
00004e55  SysTickIntEnable               
00004c85  SysTickIntRegister             
00004eed  SysTickPeriodSet               
00004111  TimerConfigure                 
00004d71  TimerControlLevel              
00004f0b  TimerEnable                    
00004ea5  TimerLoadSet                   
00004eb7  TimerMatchSet                  
00001817  TriggerRotationAngleReading    
00004f55  UARTCharGet                    
00004f5f  UARTCharPut                    
000045e5  UARTConfigSetExpClk            
00004c25  UARTDisable                    
00004e69  UARTEnable                     
000035f5  UartGetChar                    
000035a9  UartInit                       
000035e3  UartPutChar                    
00003607  UartPutString                  
00001905  UpdateDisplay                  
00003671  WaitUs                         
200018b8  __CIOBUF_                      
20000a70  __STACK_END                    
00000800  __STACK_SIZE                   
20000470  __STACK_TOP                    
00000800  __SYSMEM_SIZE                  
000055b0  __TI_CINIT_Base                
000055c8  __TI_CINIT_Limit               
00005590  __TI_Handler_Table_Base        
0000559c  __TI_Handler_Table_Limit       
00004785  __TI_auto_init_nobinit_nopinit 
000049dd  __TI_cleanup                   
20001878  __TI_cleanup_ptr               
00003c8d  __TI_closefile                 
00003f1d  __TI_decompress_lzss           
00004f19  __TI_decompress_none           
000044bd  __TI_doflush                   
2000187c  __TI_dtors_ptr                 
20001880  __TI_enable_exit_profile_output
20001868  __TI_ft_end                    
0000432b  __TI_ltoa                      
ffffffff  __TI_pprof_out_hndl            
0000026d  __TI_printfi                   
ffffffff  __TI_prof_data_size            
ffffffff  __TI_prof_data_start           
00004a11  __TI_readmsg                   
00000000  __TI_static_base__             
20001ad8  __TI_tmpnams                   
000048cd  __TI_writemsg                  
0000404d  __TI_wrt_ok                    
00004f33  __TI_zero_init                 
00003915  __aeabi_cdcmpeq                
00003915  __aeabi_cdcmple                
0000399b  __aeabi_cdrcmple               
0000459d  __aeabi_d2iz                   
000020db  __aeabi_dadd                   
000029c1  __aeabi_ddiv                   
00003059  __aeabi_dmul                   
000020d1  __aeabi_dsub                   
00004f69  __aeabi_errno_addr             
00004905  __aeabi_f2d                    
00004ad9  __aeabi_i2d                    
00002287  __aeabi_idiv0                  
00002287  __aeabi_ldiv0                  
00003b9b  __aeabi_memclr                 
00003b9b  __aeabi_memclr4                
00003b9b  __aeabi_memclr8                
000037e3  __aeabi_memcpy                 
000037e3  __aeabi_memcpy4                
000037e3  __aeabi_memcpy8                
00003b9d  __aeabi_memset                 
00003b9d  __aeabi_memset4                
00003b9d  __aeabi_memset8                
20001874  __aeabi_stderr                 
2000186c  __aeabi_stdin                  
20001870  __aeabi_stdout                 
0000480d  __aeabi_uidiv                  
0000480d  __aeabi_uidivmod               
0000387f  __aeabi_uldivmod               
ffffffff  __binit__                      
ffffffff  __c_args__                     
UNDEFED   __mpu_init                     
20000270  __stack                        
20000000  __start___llvm_prf_cnts        
20000000  __stop___llvm_prf_cnts         
00004ca1  _abort_msg                     
00004a45  _c_int00_noargs                
00004f98  _ctypes_                       
2000174c  _device                        
2000165c  _ftable                        
20001890  _lock                          
00000cbb  _nop                           
200017c4  _stream                        
20000a70  _sys_memory                    
UNDEFED   _system_post_cinit             
00004f91  _system_pre_init               
20001894  _unlock                        
00004f95  abort                          
00002f59  aligned_alloc                  
00004509  atoi                           
ffffffff  binit                          
20001814  buzzer_baseToneCycles          
20001844  buzzer_sys                     
200018a0  buzzer_sys_ptr                 
20001bcc  check_push_button_event        
00004171  close                          
00004d0f  copysign                       
00004da1  copysignf                      
00004d0f  copysignl                      
20001be0  display_update_event           
200018b4  errno                          
00004555  exit                           
00003aa5  fflush                         
00004aa9  finddevice                     
00002d35  fputs                          
00003249  free                           
00003f85  frexp                          
00003f85  frexpl                         
00003fe9  fseek                          
20000000  g_pfnRAMVectors                
00000000  g_pfnVectors                   
000047c9  getdevice                      
00002e49  ldexp                          
000034d9  ldexpf                         
00002e49  ldexpl                         
00004b89  lseek                          
000019e5  main                           
00004f71  malloc                         
00002f59  memalign                       
00004cd9  memccpy                        
00004c45  memchr                         
000037e3  memcpy                         
00003ba3  memset                         
200018a4  mode_change_time               
20001c5c  parmbuf                        
20001bf4  play_sound_event               
00000cbd  powf                           
20001c08  ras_data_event                 
20001c1c  ras_trigger_event              
00004b35  remove                         
20001c50  rotary_angle_sensor            
00002e49  scalbn                         
000034d9  scalbnf                        
00002e49  scalbnl                        
0000332d  setvbuf                        
00004bb1  sqrtf                          
00004e29  strchr                         
00004db9  strcmp                         
00004e7d  strcpy                         
00004e91  strlen                         
0000493d  strncpy                        
20001468  track1_duration                
20001270  track1_notes                   
00004b35  unlink                         
00003633  uprintf                        
0000484d  vsnprintf                      
00004ec9  wcslen                         
00004bd9  write                          


GLOBAL SYMBOLS: SORTED BY Symbol Address 

address   name                           
-------   ----                           
00000000  __TI_static_base__             
00000000  g_pfnVectors                   
0000026d  __TI_printfi                   
00000800  __STACK_SIZE                   
00000800  __SYSMEM_SIZE                  
00000cbb  _nop                           
00000cbd  powf                           
00001249  HeapifyDownwards               
00001319  HeapifyUpwards                 
000013b7  EventSchedulerInit             
00001433  EventInit                      
00001489  EventSchedule                  
00001561  EventDeschedule                
000015bd  EventExecute                   
00001609  EventGetCurrentTime            
000016b9  CheckPushButton                
0000171d  PlaySound                      
00001817  TriggerRotationAngleReading    
0000182f  ProcessRotationAngleReading    
00001905  UpdateDisplay                  
000019e5  main                           
00001d05  Seg7Init                       
00001e91  Seg7RawUpdate                  
000020d1  __aeabi_dsub                   
000020db  __aeabi_dadd                   
00002287  __aeabi_idiv0                  
00002287  __aeabi_ldiv0                  
00002289  Seg7Update                     
000022ed  Seg7DisplayInt                 
00002321  Seg7DisplaySigned              
000023e5  Seg7DisplayLabel               
0000242d  PushButtonInit                 
00002495  PushButtonEventRegister        
000024af  PushButtonSetDebouncingDelay   
000024bf  PushButtonRead                 
000025c5  GPIOPadConfigSet               
00002731  RotaryAngleSensorInit          
00002779  RotaryAngleSensorRegister      
00002793  RasTriggerReading              
0000279f  RasDataRead                    
000029c1  __aeabi_ddiv                   
00002c1d  SysCtlClockGet                 
00002d35  fputs                          
00002e49  ldexp                          
00002e49  ldexpl                         
00002e49  scalbn                         
00002e49  scalbnl                        
00002f59  aligned_alloc                  
00002f59  memalign                       
00003059  __aeabi_dmul                   
00003155  SysCtlClockSet                 
00003249  free                           
0000332d  setvbuf                        
00003409  MusicInitBuzzer                
00003411  MusicTurnOffBuzzer             
0000341f  MusicSetBuzzer                 
000034b1  MusicSetBuzzer_Track           
000034d9  ldexpf                         
000034d9  scalbnf                        
000035a9  UartInit                       
000035e3  UartPutChar                    
000035f5  UartGetChar                    
00003607  UartPutString                  
00003633  uprintf                        
00003671  WaitUs                         
0000369d  LaunchPadInit                  
000037e3  __aeabi_memcpy                 
000037e3  __aeabi_memcpy4                
000037e3  __aeabi_memcpy8                
000037e3  memcpy                         
0000387f  __aeabi_uldivmod               
00003915  __aeabi_cdcmpeq                
00003915  __aeabi_cdcmple                
0000399b  __aeabi_cdrcmple               
00003a21  LedInit                        
00003a43  LedTurnOnOff                   
00003aa5  fflush                         
00003b21  ADCSequenceStepConfigure       
00003b9b  __aeabi_memclr                 
00003b9b  __aeabi_memclr4                
00003b9b  __aeabi_memclr8                
00003b9d  __aeabi_memset                 
00003b9d  __aeabi_memset4                
00003b9d  __aeabi_memset8                
00003ba3  memset                         
00003c15  PwmBuzzerInit                  
00003c51  PwmBuzzerSet                   
00003c8d  __TI_closefile                 
00003de1  HOSTrename                     
00003e4d  HOSTlseek                      
00003eb5  IntEnable                      
00003f1d  __TI_decompress_lzss           
00003f85  frexp                          
00003f85  frexpl                         
00003fe9  fseek                          
0000404d  __TI_wrt_ok                    
000040b1  HOSTopen                       
00004111  TimerConfigure                 
00004171  close                          
000041cd  GPIOIntTypeSet                 
00004225  HOSTread                       
0000427d  HOSTwrite                      
0000432b  __TI_ltoa                      
00004421  ADCSequenceConfigure           
00004471  GPIOPinConfigure               
000044bd  __TI_doflush                   
00004509  atoi                           
00004555  exit                           
0000459d  __aeabi_d2iz                   
000045e5  UARTConfigSetExpClk            
00004635  RotaryAngleSensorISR           
00004673  Seg7DecomposeInt               
000046b9  HOSTclose                      
000046fd  HOSTunlink                     
00004785  __TI_auto_init_nobinit_nopinit 
000047c9  getdevice                      
0000480d  __aeabi_uidiv                  
0000480d  __aeabi_uidivmod               
0000484d  vsnprintf                      
000048cd  __TI_writemsg                  
000048fb  C$$IO$$                        
00004905  __aeabi_f2d                    
0000493d  strncpy                        
00004975  IntRegister                    
000049a9  SysCtlPeripheralEnable         
000049dd  __TI_cleanup                   
00004a11  __TI_readmsg                   
00004a45  _c_int00_noargs                
00004aa9  finddevice                     
00004ad9  __aeabi_i2d                    
00004b07  GPIODirModeSet                 
00004b35  remove                         
00004b35  unlink                         
00004b89  lseek                          
00004bb1  sqrtf                          
00004bd9  write                          
00004c01  IntPrioritySet                 
00004c25  UARTDisable                    
00004c45  memchr                         
00004c65  ADCSequenceDataGet             
00004c85  SysTickIntRegister             
00004ca1  _abort_msg                     
00004cd9  memccpy                        
00004cf5  GPIOPinTypeGPIOOutput          
00004d0f  copysign                       
00004d0f  copysignl                      
00004d29  ADCIntRegister                 
00004d41  ADCProcessorTrigger            
00004d59  GPIOIntRegister                
00004d71  TimerControlLevel              
00004da1  copysignf                      
00004db9  strcmp                         
00004dd1  EventInitialized               
00004de7  GPIOPinTypeGPIOInput           
00004dfd  GPIOPinTypeTimer               
00004e13  GPIOPinTypeUART                
00004e29  strchr                         
00004e41  SysTickEnable                  
00004e55  SysTickIntEnable               
00004e69  UARTEnable                     
00004e7d  strcpy                         
00004e91  strlen                         
00004ea5  TimerLoadSet                   
00004eb7  TimerMatchSet                  
00004ec9  wcslen                         
00004edb  ADCIntEnable                   
00004eed  SysTickPeriodSet               
00004efd  ADCSequenceEnable              
00004f0b  TimerEnable                    
00004f19  __TI_decompress_none           
00004f27  GPIOIntEnable                  
00004f33  __TI_zero_init                 
00004f3f  ResetISR                       
00004f4b  ADCIntClear                    
00004f55  UARTCharGet                    
00004f5f  UARTCharPut                    
00004f69  __aeabi_errno_addr             
00004f71  malloc                         
00004f79  GPIOIntClear                   
00004f7f  GPIOPinRead                    
00004f85  GPIOPinWrite                   
00004f8b  SysCtlDelay                    
00004f91  _system_pre_init               
00004f95  C$$EXIT                        
00004f95  abort                          
00004f98  _ctypes_                       
00005590  __TI_Handler_Table_Base        
0000559c  __TI_Handler_Table_Limit       
000055b0  __TI_CINIT_Base                
000055c8  __TI_CINIT_Limit               
20000000  __start___llvm_prf_cnts        
20000000  __stop___llvm_prf_cnts         
20000000  g_pfnRAMVectors                
20000270  __stack                        
20000470  __STACK_TOP                    
20000a70  __STACK_END                    
20000a70  _sys_memory                    
20001270  track1_notes                   
20001468  track1_duration                
2000165c  _ftable                        
2000174c  _device                        
200017c4  _stream                        
20001814  buzzer_baseToneCycles          
20001844  buzzer_sys                     
20001868  __TI_ft_end                    
2000186c  __aeabi_stdin                  
20001870  __aeabi_stdout                 
20001874  __aeabi_stderr                 
20001878  __TI_cleanup_ptr               
2000187c  __TI_dtors_ptr                 
20001880  __TI_enable_exit_profile_output
20001890  _lock                          
20001894  _unlock                        
200018a0  buzzer_sys_ptr                 
200018a4  mode_change_time               
200018b4  errno                          
200018b8  __CIOBUF_                      
20001ad8  __TI_tmpnams                   
20001bcc  check_push_button_event        
20001be0  display_update_event           
20001bf4  play_sound_event               
20001c08  ras_data_event                 
20001c1c  ras_trigger_event              
20001c50  rotary_angle_sensor            
20001c5c  parmbuf                        
ffffffff  __TI_pprof_out_hndl            
ffffffff  __TI_prof_data_size            
ffffffff  __TI_prof_data_start           
ffffffff  __binit__                      
ffffffff  __c_args__                     
ffffffff  binit                          
UNDEFED   __mpu_init                     
UNDEFED   _system_post_cinit             

[233 symbols]
