<?xml version="1.0" encoding="ISO-8859-1" ?>
<link_info>
   <banner>TI ARM Linker PC v20.2.7.LTS</banner>
   <copyright>Copyright (c) 1996-2018 Texas Instruments Incorporated</copyright>
   <link_time>0x69f10c11</link_time>
   <link_errors>0x0</link_errors>
   <output_file>Lab Project.out</output_file>
   <entry_point>
      <name>_c_int00_noargs</name>
      <address>0x4a45</address>
   </entry_point>
   <input_file_list>
      <input_file id="fl-2">
         <path>.\</path>
         <kind>object</kind>
         <file>handlers.obj</file>
         <name>handlers.obj</name>
      </input_file>
      <input_file id="fl-3">
         <path>.\</path>
         <kind>object</kind>
         <file>lab_project_main.obj</file>
         <name>lab_project_main.obj</name>
      </input_file>
      <input_file id="fl-4">
         <path>.\</path>
         <kind>object</kind>
         <file>music_buzzer.obj</file>
         <name>music_buzzer.obj</name>
      </input_file>
      <input_file id="fl-5">
         <path>.\</path>
         <kind>object</kind>
         <file>pwm_buzzer.obj</file>
         <name>pwm_buzzer.obj</name>
      </input_file>
      <input_file id="fl-6">
         <path>.\</path>
         <kind>object</kind>
         <file>ras.obj</file>
         <name>ras.obj</name>
      </input_file>
      <input_file id="fl-7">
         <path>.\</path>
         <kind>object</kind>
         <file>ras_asm.obj</file>
         <name>ras_asm.obj</name>
      </input_file>
      <input_file id="fl-8">
         <path>.\</path>
         <kind>object</kind>
         <file>seg7_asm.obj</file>
         <name>seg7_asm.obj</name>
      </input_file>
      <input_file id="fl-9">
         <path>.\</path>
         <kind>object</kind>
         <file>seg7digit.obj</file>
         <name>seg7digit.obj</name>
      </input_file>
      <input_file id="fl-a">
         <path>.\</path>
         <kind>object</kind>
         <file>seg7raw.obj</file>
         <name>seg7raw.obj</name>
      </input_file>
      <input_file id="fl-b">
         <path>.\</path>
         <kind>object</kind>
         <file>tm4c123gh6pm_startup_ccs.obj</file>
         <name>tm4c123gh6pm_startup_ccs.obj</name>
      </input_file>
      <input_file id="fl-11">
         <kind>object</kind>
         <file>&lt;internal&gt;</file>
         <name>&lt;internal&gt;</name>
      </input_file>
      <input_file id="fl-c7">
         <path>C:\ti\ccs1281\ccs\tools\compiler\ti-cgt-arm_20.2.7.LTS\lib\</path>
         <kind>archive</kind>
         <file>rtsv7M4_T_le_v4SPD16_eabi.lib</file>
         <name>e_powf.c.obj</name>
      </input_file>
      <input_file id="fl-c8">
         <path>C:\ti\ccs1281\ccs\tools\compiler\ti-cgt-arm_20.2.7.LTS\lib\</path>
         <kind>archive</kind>
         <file>rtsv7M4_T_le_v4SPD16_eabi.lib</file>
         <name>e_sqrtf.c.obj</name>
      </input_file>
      <input_file id="fl-c9">
         <path>C:\ti\ccs1281\ccs\tools\compiler\ti-cgt-arm_20.2.7.LTS\lib\</path>
         <kind>archive</kind>
         <file>rtsv7M4_T_le_v4SPD16_eabi.lib</file>
         <name>s_scalbnf.c.obj</name>
      </input_file>
      <input_file id="fl-ca">
         <path>C:\ti\ccs1281\ccs\tools\compiler\ti-cgt-arm_20.2.7.LTS\lib\</path>
         <kind>archive</kind>
         <file>rtsv7M4_T_le_v4SPD16_eabi.lib</file>
         <name>s_copysignf.c.obj</name>
      </input_file>
      <input_file id="fl-cb">
         <path>C:\ti\ccs1281\ccs\tools\compiler\ti-cgt-arm_20.2.7.LTS\lib\</path>
         <kind>archive</kind>
         <file>rtsv7M4_T_le_v4SPD16_eabi.lib</file>
         <name>fd_add_t2.asm.obj</name>
      </input_file>
      <input_file id="fl-cc">
         <path>C:\ti\ccs1281\ccs\tools\compiler\ti-cgt-arm_20.2.7.LTS\lib\</path>
         <kind>archive</kind>
         <file>rtsv7M4_T_le_v4SPD16_eabi.lib</file>
         <name>fd_div_t2.asm.obj</name>
      </input_file>
      <input_file id="fl-cd">
         <path>C:\ti\ccs1281\ccs\tools\compiler\ti-cgt-arm_20.2.7.LTS\lib\</path>
         <kind>archive</kind>
         <file>rtsv7M4_T_le_v4SPD16_eabi.lib</file>
         <name>fd_mul_t2.asm.obj</name>
      </input_file>
      <input_file id="fl-ce">
         <path>C:\ti\ccs1281\ccs\tools\compiler\ti-cgt-arm_20.2.7.LTS\lib\</path>
         <kind>archive</kind>
         <file>rtsv7M4_T_le_v4SPD16_eabi.lib</file>
         <name>fd_toi_t2.asm.obj</name>
      </input_file>
      <input_file id="fl-cf">
         <path>C:\ti\ccs1281\ccs\tools\compiler\ti-cgt-arm_20.2.7.LTS\lib\</path>
         <kind>archive</kind>
         <file>rtsv7M4_T_le_v4SPD16_eabi.lib</file>
         <name>fs_tod_t2.asm.obj</name>
      </input_file>
      <input_file id="fl-d0">
         <path>C:\ti\ccs1281\ccs\tools\compiler\ti-cgt-arm_20.2.7.LTS\lib\</path>
         <kind>archive</kind>
         <file>rtsv7M4_T_le_v4SPD16_eabi.lib</file>
         <name>i_tofd_t2.asm.obj</name>
      </input_file>
      <input_file id="fl-d1">
         <path>C:\ti\ccs1281\ccs\tools\compiler\ti-cgt-arm_20.2.7.LTS\lib\</path>
         <kind>archive</kind>
         <file>rtsv7M4_T_le_v4SPD16_eabi.lib</file>
         <name>u_divt2.asm.obj</name>
      </input_file>
      <input_file id="fl-d2">
         <path>C:\ti\ccs1281\ccs\tools\compiler\ti-cgt-arm_20.2.7.LTS\lib\</path>
         <kind>archive</kind>
         <file>rtsv7M4_T_le_v4SPD16_eabi.lib</file>
         <name>copy_zero_init.c.obj</name>
      </input_file>
      <input_file id="fl-d3">
         <path>C:\ti\ccs1281\ccs\tools\compiler\ti-cgt-arm_20.2.7.LTS\lib\</path>
         <kind>archive</kind>
         <file>rtsv7M4_T_le_v4SPD16_eabi.lib</file>
         <name>copy_decompress_none.c.obj</name>
      </input_file>
      <input_file id="fl-d4">
         <path>C:\ti\ccs1281\ccs\tools\compiler\ti-cgt-arm_20.2.7.LTS\lib\</path>
         <kind>archive</kind>
         <file>rtsv7M4_T_le_v4SPD16_eabi.lib</file>
         <name>copy_decompress_lzss.c.obj</name>
      </input_file>
      <input_file id="fl-d5">
         <path>C:\ti\ccs1281\ccs\tools\compiler\ti-cgt-arm_20.2.7.LTS\lib\</path>
         <kind>archive</kind>
         <file>rtsv7M4_T_le_v4SPD16_eabi.lib</file>
         <name>assert.c.obj</name>
      </input_file>
      <input_file id="fl-d6">
         <path>C:\ti\ccs1281\ccs\tools\compiler\ti-cgt-arm_20.2.7.LTS\lib\</path>
         <kind>archive</kind>
         <file>rtsv7M4_T_le_v4SPD16_eabi.lib</file>
         <name>defs.c.obj</name>
      </input_file>
      <input_file id="fl-d7">
         <path>C:\ti\ccs1281\ccs\tools\compiler\ti-cgt-arm_20.2.7.LTS\lib\</path>
         <kind>archive</kind>
         <file>rtsv7M4_T_le_v4SPD16_eabi.lib</file>
         <name>boot_cortex_m.c.obj</name>
      </input_file>
      <input_file id="fl-d8">
         <path>C:\ti\ccs1281\ccs\tools\compiler\ti-cgt-arm_20.2.7.LTS\lib\</path>
         <kind>archive</kind>
         <file>rtsv7M4_T_le_v4SPD16_eabi.lib</file>
         <name>errno.c.obj</name>
      </input_file>
      <input_file id="fl-d9">
         <path>C:\ti\ccs1281\ccs\tools\compiler\ti-cgt-arm_20.2.7.LTS\lib\</path>
         <kind>archive</kind>
         <file>rtsv7M4_T_le_v4SPD16_eabi.lib</file>
         <name>fflush.c.obj</name>
      </input_file>
      <input_file id="fl-da">
         <path>C:\ti\ccs1281\ccs\tools\compiler\ti-cgt-arm_20.2.7.LTS\lib\</path>
         <kind>archive</kind>
         <file>rtsv7M4_T_le_v4SPD16_eabi.lib</file>
         <name>fputs.c.obj</name>
      </input_file>
      <input_file id="fl-db">
         <path>C:\ti\ccs1281\ccs\tools\compiler\ti-cgt-arm_20.2.7.LTS\lib\</path>
         <kind>archive</kind>
         <file>rtsv7M4_T_le_v4SPD16_eabi.lib</file>
         <name>_io_perm.c.obj</name>
      </input_file>
      <input_file id="fl-dc">
         <path>C:\ti\ccs1281\ccs\tools\compiler\ti-cgt-arm_20.2.7.LTS\lib\</path>
         <kind>archive</kind>
         <file>rtsv7M4_T_le_v4SPD16_eabi.lib</file>
         <name>setvbuf.c.obj</name>
      </input_file>
      <input_file id="fl-dd">
         <path>C:\ti\ccs1281\ccs\tools\compiler\ti-cgt-arm_20.2.7.LTS\lib\</path>
         <kind>archive</kind>
         <file>rtsv7M4_T_le_v4SPD16_eabi.lib</file>
         <name>div0.asm.obj</name>
      </input_file>
      <input_file id="fl-de">
         <path>C:\ti\ccs1281\ccs\tools\compiler\ti-cgt-arm_20.2.7.LTS\lib\</path>
         <kind>archive</kind>
         <file>rtsv7M4_T_le_v4SPD16_eabi.lib</file>
         <name>memcpy_t2.asm.obj</name>
      </input_file>
      <input_file id="fl-df">
         <path>C:\ti\ccs1281\ccs\tools\compiler\ti-cgt-arm_20.2.7.LTS\lib\</path>
         <kind>archive</kind>
         <file>rtsv7M4_T_le_v4SPD16_eabi.lib</file>
         <name>memset_t2.asm.obj</name>
      </input_file>
      <input_file id="fl-e0">
         <path>C:\ti\ccs1281\ccs\tools\compiler\ti-cgt-arm_20.2.7.LTS\lib\</path>
         <kind>archive</kind>
         <file>rtsv7M4_T_le_v4SPD16_eabi.lib</file>
         <name>autoinit.c.obj</name>
      </input_file>
      <input_file id="fl-e1">
         <path>C:\ti\ccs1281\ccs\tools\compiler\ti-cgt-arm_20.2.7.LTS\lib\</path>
         <kind>archive</kind>
         <file>rtsv7M4_T_le_v4SPD16_eabi.lib</file>
         <name>pre_init.c.obj</name>
      </input_file>
      <input_file id="fl-e2">
         <path>C:\ti\ccs1281\ccs\tools\compiler\ti-cgt-arm_20.2.7.LTS\lib\</path>
         <kind>archive</kind>
         <file>rtsv7M4_T_le_v4SPD16_eabi.lib</file>
         <name>cpy_tbl.c.obj</name>
      </input_file>
      <input_file id="fl-e3">
         <path>C:\ti\ccs1281\ccs\tools\compiler\ti-cgt-arm_20.2.7.LTS\lib\</path>
         <kind>archive</kind>
         <file>rtsv7M4_T_le_v4SPD16_eabi.lib</file>
         <name>exit.c.obj</name>
      </input_file>
      <input_file id="fl-e4">
         <path>C:\ti\ccs1281\ccs\tools\compiler\ti-cgt-arm_20.2.7.LTS\lib\</path>
         <kind>archive</kind>
         <file>rtsv7M4_T_le_v4SPD16_eabi.lib</file>
         <name>_lock.c.obj</name>
      </input_file>
      <input_file id="fl-e5">
         <path>C:\ti\ccs1281\ccs\tools\compiler\ti-cgt-arm_20.2.7.LTS\lib\</path>
         <kind>archive</kind>
         <file>rtsv7M4_T_le_v4SPD16_eabi.lib</file>
         <name>args_main.c.obj</name>
      </input_file>
      <input_file id="fl-e6">
         <path>C:\ti\ccs1281\ccs\tools\compiler\ti-cgt-arm_20.2.7.LTS\lib\</path>
         <kind>archive</kind>
         <file>rtsv7M4_T_le_v4SPD16_eabi.lib</file>
         <name>memchr.c.obj</name>
      </input_file>
      <input_file id="fl-e7">
         <path>C:\ti\ccs1281\ccs\tools\compiler\ti-cgt-arm_20.2.7.LTS\lib\</path>
         <kind>archive</kind>
         <file>rtsv7M4_T_le_v4SPD16_eabi.lib</file>
         <name>memory.c.obj</name>
      </input_file>
      <input_file id="fl-e8">
         <path>C:\ti\ccs1281\ccs\tools\compiler\ti-cgt-arm_20.2.7.LTS\lib\</path>
         <kind>archive</kind>
         <file>rtsv7M4_T_le_v4SPD16_eabi.lib</file>
         <name>strlen.c.obj</name>
      </input_file>
      <input_file id="fl-e9">
         <path>C:\ti\ccs1281\ccs\tools\compiler\ti-cgt-arm_20.2.7.LTS\lib\</path>
         <kind>archive</kind>
         <file>rtsv7M4_T_le_v4SPD16_eabi.lib</file>
         <name>write.c.obj</name>
      </input_file>
      <input_file id="fl-ea">
         <path>C:\ti\ccs1281\ccs\tools\compiler\ti-cgt-arm_20.2.7.LTS\lib\</path>
         <kind>archive</kind>
         <file>rtsv7M4_T_le_v4SPD16_eabi.lib</file>
         <name>host_device.c.obj</name>
      </input_file>
      <input_file id="fl-eb">
         <path>C:\ti\ccs1281\ccs\tools\compiler\ti-cgt-arm_20.2.7.LTS\lib\</path>
         <kind>archive</kind>
         <file>rtsv7M4_T_le_v4SPD16_eabi.lib</file>
         <name>fopen.c.obj</name>
      </input_file>
      <input_file id="fl-ec">
         <path>C:\ti\ccs1281\ccs\tools\compiler\ti-cgt-arm_20.2.7.LTS\lib\</path>
         <kind>archive</kind>
         <file>rtsv7M4_T_le_v4SPD16_eabi.lib</file>
         <name>fseek.c.obj</name>
      </input_file>
      <input_file id="fl-ed">
         <path>C:\ti\ccs1281\ccs\tools\compiler\ti-cgt-arm_20.2.7.LTS\lib\</path>
         <kind>archive</kind>
         <file>rtsv7M4_T_le_v4SPD16_eabi.lib</file>
         <name>hostclose.c.obj</name>
      </input_file>
      <input_file id="fl-ee">
         <path>C:\ti\ccs1281\ccs\tools\compiler\ti-cgt-arm_20.2.7.LTS\lib\</path>
         <kind>archive</kind>
         <file>rtsv7M4_T_le_v4SPD16_eabi.lib</file>
         <name>hostlseek.c.obj</name>
      </input_file>
      <input_file id="fl-ef">
         <path>C:\ti\ccs1281\ccs\tools\compiler\ti-cgt-arm_20.2.7.LTS\lib\</path>
         <kind>archive</kind>
         <file>rtsv7M4_T_le_v4SPD16_eabi.lib</file>
         <name>hostopen.c.obj</name>
      </input_file>
      <input_file id="fl-f0">
         <path>C:\ti\ccs1281\ccs\tools\compiler\ti-cgt-arm_20.2.7.LTS\lib\</path>
         <kind>archive</kind>
         <file>rtsv7M4_T_le_v4SPD16_eabi.lib</file>
         <name>hostread.c.obj</name>
      </input_file>
      <input_file id="fl-f1">
         <path>C:\ti\ccs1281\ccs\tools\compiler\ti-cgt-arm_20.2.7.LTS\lib\</path>
         <kind>archive</kind>
         <file>rtsv7M4_T_le_v4SPD16_eabi.lib</file>
         <name>hostrename.c.obj</name>
      </input_file>
      <input_file id="fl-f2">
         <path>C:\ti\ccs1281\ccs\tools\compiler\ti-cgt-arm_20.2.7.LTS\lib\</path>
         <kind>archive</kind>
         <file>rtsv7M4_T_le_v4SPD16_eabi.lib</file>
         <name>hostunlink.c.obj</name>
      </input_file>
      <input_file id="fl-f3">
         <path>C:\ti\ccs1281\ccs\tools\compiler\ti-cgt-arm_20.2.7.LTS\lib\</path>
         <kind>archive</kind>
         <file>rtsv7M4_T_le_v4SPD16_eabi.lib</file>
         <name>hostwrite.c.obj</name>
      </input_file>
      <input_file id="fl-f4">
         <path>C:\ti\ccs1281\ccs\tools\compiler\ti-cgt-arm_20.2.7.LTS\lib\</path>
         <kind>archive</kind>
         <file>rtsv7M4_T_le_v4SPD16_eabi.lib</file>
         <name>trgmsg.c.obj</name>
      </input_file>
      <input_file id="fl-f5">
         <path>C:\ti\ccs1281\ccs\tools\compiler\ti-cgt-arm_20.2.7.LTS\lib\</path>
         <kind>archive</kind>
         <file>rtsv7M4_T_le_v4SPD16_eabi.lib</file>
         <name>open.c.obj</name>
      </input_file>
      <input_file id="fl-f6">
         <path>C:\ti\ccs1281\ccs\tools\compiler\ti-cgt-arm_20.2.7.LTS\lib\</path>
         <kind>archive</kind>
         <file>rtsv7M4_T_le_v4SPD16_eabi.lib</file>
         <name>lseek.c.obj</name>
      </input_file>
      <input_file id="fl-f7">
         <path>C:\ti\ccs1281\ccs\tools\compiler\ti-cgt-arm_20.2.7.LTS\lib\</path>
         <kind>archive</kind>
         <file>rtsv7M4_T_le_v4SPD16_eabi.lib</file>
         <name>fclose.c.obj</name>
      </input_file>
      <input_file id="fl-f8">
         <path>C:\ti\ccs1281\ccs\tools\compiler\ti-cgt-arm_20.2.7.LTS\lib\</path>
         <kind>archive</kind>
         <file>rtsv7M4_T_le_v4SPD16_eabi.lib</file>
         <name>getdevice.c.obj</name>
      </input_file>
      <input_file id="fl-f9">
         <path>C:\ti\ccs1281\ccs\tools\compiler\ti-cgt-arm_20.2.7.LTS\lib\</path>
         <kind>archive</kind>
         <file>rtsv7M4_T_le_v4SPD16_eabi.lib</file>
         <name>strchr.c.obj</name>
      </input_file>
      <input_file id="fl-fa">
         <path>C:\ti\ccs1281\ccs\tools\compiler\ti-cgt-arm_20.2.7.LTS\lib\</path>
         <kind>archive</kind>
         <file>rtsv7M4_T_le_v4SPD16_eabi.lib</file>
         <name>strcmp.c.obj</name>
      </input_file>
      <input_file id="fl-fb">
         <path>C:\ti\ccs1281\ccs\tools\compiler\ti-cgt-arm_20.2.7.LTS\lib\</path>
         <kind>archive</kind>
         <file>rtsv7M4_T_le_v4SPD16_eabi.lib</file>
         <name>strcpy.c.obj</name>
      </input_file>
      <input_file id="fl-fc">
         <path>C:\ti\ccs1281\ccs\tools\compiler\ti-cgt-arm_20.2.7.LTS\lib\</path>
         <kind>archive</kind>
         <file>rtsv7M4_T_le_v4SPD16_eabi.lib</file>
         <name>strncpy.c.obj</name>
      </input_file>
      <input_file id="fl-fd">
         <path>C:\ti\ccs1281\ccs\tools\compiler\ti-cgt-arm_20.2.7.LTS\lib\</path>
         <kind>archive</kind>
         <file>rtsv7M4_T_le_v4SPD16_eabi.lib</file>
         <name>remove.c.obj</name>
      </input_file>
      <input_file id="fl-fe">
         <path>C:\ti\ccs1281\ccs\tools\compiler\ti-cgt-arm_20.2.7.LTS\lib\</path>
         <kind>archive</kind>
         <file>rtsv7M4_T_le_v4SPD16_eabi.lib</file>
         <name>close.c.obj</name>
      </input_file>
      <input_file id="fl-ff">
         <path>C:\ti\ccs1281\ccs\tools\compiler\ti-cgt-arm_20.2.7.LTS\lib\</path>
         <kind>archive</kind>
         <file>rtsv7M4_T_le_v4SPD16_eabi.lib</file>
         <name>unlink.c.obj</name>
      </input_file>
      <input_file id="fl-100">
         <path>C:\ti\TivaWare_C_Series-2.2.0.295\driverlib\ccs\Debug\</path>
         <kind>archive</kind>
         <file>driverlib.lib</file>
         <name>adc.obj</name>
      </input_file>
      <input_file id="fl-101">
         <path>C:\ti\TivaWare_C_Series-2.2.0.295\driverlib\ccs\Debug\</path>
         <kind>archive</kind>
         <file>driverlib.lib</file>
         <name>gpio.obj</name>
      </input_file>
      <input_file id="fl-102">
         <path>C:\ti\TivaWare_C_Series-2.2.0.295\driverlib\ccs\Debug\</path>
         <kind>archive</kind>
         <file>driverlib.lib</file>
         <name>interrupt.obj</name>
      </input_file>
      <input_file id="fl-103">
         <path>C:\ti\TivaWare_C_Series-2.2.0.295\driverlib\ccs\Debug\</path>
         <kind>archive</kind>
         <file>driverlib.lib</file>
         <name>sysctl.obj</name>
      </input_file>
      <input_file id="fl-104">
         <path>C:\ti\TivaWare_C_Series-2.2.0.295\driverlib\ccs\Debug\</path>
         <kind>archive</kind>
         <file>driverlib.lib</file>
         <name>timer.obj</name>
      </input_file>
      <input_file id="fl-105">
         <path>C:\ti\TivaWare_C_Series-2.2.0.295\driverlib\ccs\Debug\</path>
         <kind>archive</kind>
         <file>driverlib.lib</file>
         <name>cpu.obj</name>
      </input_file>
      <input_file id="fl-106">
         <path>C:\Users\aweso\OneDrive\Desktop\ECE 266\LabGroupC1\Util\Util\Debug\</path>
         <kind>archive</kind>
         <file>Util.lib</file>
         <name>event.obj</name>
      </input_file>
      <input_file id="fl-107">
         <path>C:\Users\aweso\OneDrive\Desktop\ECE 266\LabGroupC1\Util\Util\Debug\</path>
         <kind>archive</kind>
         <file>Util.lib</file>
         <name>launchpad.obj</name>
      </input_file>
      <input_file id="fl-108">
         <path>C:\Users\aweso\OneDrive\Desktop\ECE 266\LabGroupC1\Util\Util\Debug\</path>
         <kind>archive</kind>
         <file>Util.lib</file>
         <name>led.obj</name>
      </input_file>
      <input_file id="fl-109">
         <path>C:\Users\aweso\OneDrive\Desktop\ECE 266\LabGroupC1\Util\Util\Debug\</path>
         <kind>archive</kind>
         <file>Util.lib</file>
         <name>pushbutton.obj</name>
      </input_file>
      <input_file id="fl-10a">
         <path>C:\Users\aweso\OneDrive\Desktop\ECE 266\LabGroupC1\Util\Util\Debug\</path>
         <kind>archive</kind>
         <file>Util.lib</file>
         <name>uart.obj</name>
      </input_file>
      <input_file id="fl-10b">
         <path>C:\ti\ccs1281\ccs\tools\compiler\ti-cgt-arm_20.2.7.LTS\lib\</path>
         <kind>archive</kind>
         <file>rtsv7M4_T_le_v4SPD16_eabi.lib</file>
         <name>vsnprintf.c.obj</name>
      </input_file>
      <input_file id="fl-10c">
         <path>C:\ti\ccs1281\ccs\tools\compiler\ti-cgt-arm_20.2.7.LTS\lib\</path>
         <kind>archive</kind>
         <file>rtsv7M4_T_le_v4SPD16_eabi.lib</file>
         <name>ull_div_t2.asm.obj</name>
      </input_file>
      <input_file id="fl-10d">
         <path>C:\ti\ccs1281\ccs\tools\compiler\ti-cgt-arm_20.2.7.LTS\lib\</path>
         <kind>archive</kind>
         <file>rtsv7M4_T_le_v4SPD16_eabi.lib</file>
         <name>_printfi.c.obj</name>
      </input_file>
      <input_file id="fl-10e">
         <path>C:\ti\ccs1281\ccs\tools\compiler\ti-cgt-arm_20.2.7.LTS\lib\</path>
         <kind>archive</kind>
         <file>rtsv7M4_T_le_v4SPD16_eabi.lib</file>
         <name>fd_cmp_t2.asm.obj</name>
      </input_file>
      <input_file id="fl-10f">
         <path>C:\ti\ccs1281\ccs\tools\compiler\ti-cgt-arm_20.2.7.LTS\lib\</path>
         <kind>archive</kind>
         <file>rtsv7M4_T_le_v4SPD16_eabi.lib</file>
         <name>_ltoa.c.obj</name>
      </input_file>
      <input_file id="fl-110">
         <path>C:\ti\ccs1281\ccs\tools\compiler\ti-cgt-arm_20.2.7.LTS\lib\</path>
         <kind>archive</kind>
         <file>rtsv7M4_T_le_v4SPD16_eabi.lib</file>
         <name>atoi.c.obj</name>
      </input_file>
      <input_file id="fl-111">
         <path>C:\ti\ccs1281\ccs\tools\compiler\ti-cgt-arm_20.2.7.LTS\lib\</path>
         <kind>archive</kind>
         <file>rtsv7M4_T_le_v4SPD16_eabi.lib</file>
         <name>ctype.c.obj</name>
      </input_file>
      <input_file id="fl-112">
         <path>C:\ti\ccs1281\ccs\tools\compiler\ti-cgt-arm_20.2.7.LTS\lib\</path>
         <kind>archive</kind>
         <file>rtsv7M4_T_le_v4SPD16_eabi.lib</file>
         <name>memccpy.c.obj</name>
      </input_file>
      <input_file id="fl-113">
         <path>C:\ti\ccs1281\ccs\tools\compiler\ti-cgt-arm_20.2.7.LTS\lib\</path>
         <kind>archive</kind>
         <file>rtsv7M4_T_le_v4SPD16_eabi.lib</file>
         <name>wcslen.c.obj</name>
      </input_file>
      <input_file id="fl-114">
         <path>C:\ti\ccs1281\ccs\tools\compiler\ti-cgt-arm_20.2.7.LTS\lib\</path>
         <kind>archive</kind>
         <file>rtsv7M4_T_le_v4SPD16_eabi.lib</file>
         <name>s_frexp.c.obj</name>
      </input_file>
      <input_file id="fl-115">
         <path>C:\ti\ccs1281\ccs\tools\compiler\ti-cgt-arm_20.2.7.LTS\lib\</path>
         <kind>archive</kind>
         <file>rtsv7M4_T_le_v4SPD16_eabi.lib</file>
         <name>s_scalbn.c.obj</name>
      </input_file>
      <input_file id="fl-116">
         <path>C:\ti\ccs1281\ccs\tools\compiler\ti-cgt-arm_20.2.7.LTS\lib\</path>
         <kind>archive</kind>
         <file>rtsv7M4_T_le_v4SPD16_eabi.lib</file>
         <name>s_copysign.c.obj</name>
      </input_file>
      <input_file id="fl-117">
         <path>C:\ti\TivaWare_C_Series-2.2.0.295\driverlib\ccs\Debug\</path>
         <kind>archive</kind>
         <file>driverlib.lib</file>
         <name>systick.obj</name>
      </input_file>
      <input_file id="fl-118">
         <path>C:\ti\TivaWare_C_Series-2.2.0.295\driverlib\ccs\Debug\</path>
         <kind>archive</kind>
         <file>driverlib.lib</file>
         <name>uart.obj</name>
      </input_file>
   </input_file_list>
   <object_component_list>
      <object_component id="oc-12">
         <name>.intvecs</name>
         <load_address>0x0</load_address>
         <run_address>0x0</run_address>
         <size>0x26c</size>
         <input_file_ref idref="fl-b"/>
      </object_component>
      <object_component id="oc-45e">
         <name>.text:__TI_printfi</name>
         <load_address>0x26c</load_address>
         <run_address>0x26c</run_address>
         <size>0xa4e</size>
         <input_file_ref idref="fl-10d"/>
      </object_component>
      <object_component id="oc-3a7">
         <name>.text:_nop</name>
         <load_address>0xcba</load_address>
         <run_address>0xcba</run_address>
         <size>0x2</size>
         <input_file_ref idref="fl-e4"/>
      </object_component>
      <object_component id="oc-181">
         <name>.text:powf</name>
         <load_address>0xcbc</load_address>
         <run_address>0xcbc</run_address>
         <size>0x58c</size>
         <input_file_ref idref="fl-c7"/>
      </object_component>
      <object_component id="oc-e2">
         <name>.text</name>
         <load_address>0x1248</load_address>
         <run_address>0x1248</run_address>
         <size>0x470</size>
         <input_file_ref idref="fl-106"/>
      </object_component>
      <object_component id="oc-a2">
         <name>.text</name>
         <load_address>0x16b8</load_address>
         <run_address>0x16b8</run_address>
         <size>0x3dc</size>
         <input_file_ref idref="fl-3"/>
      </object_component>
      <object_component id="oc-4f4">
         <name>.text:_pconv_a</name>
         <load_address>0x1a94</load_address>
         <run_address>0x1a94</run_address>
         <size>0x270</size>
         <input_file_ref idref="fl-10d"/>
      </object_component>
      <object_component id="oc-122">
         <name>.text</name>
         <load_address>0x1d04</load_address>
         <run_address>0x1d04</run_address>
         <size>0x1fc</size>
         <input_file_ref idref="fl-a"/>
      </object_component>
      <object_component id="oc-4e2">
         <name>.text:_pconv_g</name>
         <load_address>0x1f00</load_address>
         <run_address>0x1f00</run_address>
         <size>0x1d0</size>
         <input_file_ref idref="fl-10d"/>
      </object_component>
      <object_component id="oc-236">
         <name>.text</name>
         <load_address>0x20d0</load_address>
         <run_address>0x20d0</run_address>
         <size>0x1b6</size>
         <input_file_ref idref="fl-cb"/>
      </object_component>
      <object_component id="oc-203">
         <name>.text</name>
         <load_address>0x2286</load_address>
         <run_address>0x2286</run_address>
         <size>0x2</size>
         <input_file_ref idref="fl-dd"/>
      </object_component>
      <object_component id="oc-110">
         <name>.text</name>
         <load_address>0x2288</load_address>
         <run_address>0x2288</run_address>
         <size>0x1a4</size>
         <input_file_ref idref="fl-9"/>
      </object_component>
      <object_component id="oc-e8">
         <name>.text</name>
         <load_address>0x242c</load_address>
         <run_address>0x242c</run_address>
         <size>0x198</size>
         <input_file_ref idref="fl-109"/>
      </object_component>
      <object_component id="oc-1cc">
         <name>.text:GPIOPadConfigSet</name>
         <load_address>0x25c4</load_address>
         <run_address>0x25c4</run_address>
         <size>0x16c</size>
         <input_file_ref idref="fl-101"/>
      </object_component>
      <object_component id="oc-107">
         <name>.text</name>
         <load_address>0x2730</load_address>
         <run_address>0x2730</run_address>
         <size>0x154</size>
         <input_file_ref idref="fl-6"/>
      </object_component>
      <object_component id="oc-4ee">
         <name>.text:_pconv_e</name>
         <load_address>0x2884</load_address>
         <run_address>0x2884</run_address>
         <size>0x13c</size>
         <input_file_ref idref="fl-10d"/>
      </object_component>
      <object_component id="oc-f8">
         <name>.text</name>
         <load_address>0x29c0</load_address>
         <run_address>0x29c0</run_address>
         <size>0x136</size>
         <input_file_ref idref="fl-cc"/>
      </object_component>
      <object_component id="oc-570">
         <name>.text:fcvt</name>
         <load_address>0x2af8</load_address>
         <run_address>0x2af8</run_address>
         <size>0x124</size>
         <input_file_ref idref="fl-10d"/>
      </object_component>
      <object_component id="oc-18c">
         <name>.text:SysCtlClockGet</name>
         <load_address>0x2c1c</load_address>
         <run_address>0x2c1c</run_address>
         <size>0x118</size>
         <input_file_ref idref="fl-103"/>
      </object_component>
      <object_component id="oc-306">
         <name>.text:fputs</name>
         <load_address>0x2d34</load_address>
         <run_address>0x2d34</run_address>
         <size>0x114</size>
         <input_file_ref idref="fl-da"/>
      </object_component>
      <object_component id="oc-584">
         <name>.text:scalbn</name>
         <load_address>0x2e48</load_address>
         <run_address>0x2e48</run_address>
         <size>0x110</size>
         <input_file_ref idref="fl-115"/>
      </object_component>
      <object_component id="oc-5b7">
         <name>.text:aligned_alloc</name>
         <load_address>0x2f58</load_address>
         <run_address>0x2f58</run_address>
         <size>0x100</size>
         <input_file_ref idref="fl-e7"/>
      </object_component>
      <object_component id="oc-fd">
         <name>.text</name>
         <load_address>0x3058</load_address>
         <run_address>0x3058</run_address>
         <size>0xfc</size>
         <input_file_ref idref="fl-cd"/>
      </object_component>
      <object_component id="oc-25f">
         <name>.text:SysCtlClockSet</name>
         <load_address>0x3154</load_address>
         <run_address>0x3154</run_address>
         <size>0xf4</size>
         <input_file_ref idref="fl-103"/>
      </object_component>
      <object_component id="oc-520">
         <name>.text:free</name>
         <load_address>0x3248</load_address>
         <run_address>0x3248</run_address>
         <size>0xe4</size>
         <input_file_ref idref="fl-e7"/>
      </object_component>
      <object_component id="oc-4ad">
         <name>.text:setvbuf</name>
         <load_address>0x332c</load_address>
         <run_address>0x332c</run_address>
         <size>0xdc</size>
         <input_file_ref idref="fl-dc"/>
      </object_component>
      <object_component id="oc-dc">
         <name>.text</name>
         <load_address>0x3408</load_address>
         <run_address>0x3408</run_address>
         <size>0xd0</size>
         <input_file_ref idref="fl-4"/>
      </object_component>
      <object_component id="oc-2d3">
         <name>.text:scalbnf</name>
         <load_address>0x34d8</load_address>
         <run_address>0x34d8</run_address>
         <size>0xd0</size>
         <input_file_ref idref="fl-c9"/>
      </object_component>
      <object_component id="oc-26b">
         <name>.text</name>
         <load_address>0x35a8</load_address>
         <run_address>0x35a8</run_address>
         <size>0xc8</size>
         <input_file_ref idref="fl-10a"/>
      </object_component>
      <object_component id="oc-11c">
         <name>.text</name>
         <load_address>0x3670</load_address>
         <run_address>0x3670</run_address>
         <size>0xc0</size>
         <input_file_ref idref="fl-107"/>
      </object_component>
      <object_component id="oc-4d7">
         <name>.text:_ltostr</name>
         <load_address>0x3730</load_address>
         <run_address>0x3730</run_address>
         <size>0xb1</size>
         <input_file_ref idref="fl-10d"/>
      </object_component>
      <object_component id="oc-3e">
         <name>.text</name>
         <load_address>0x37e2</load_address>
         <run_address>0x37e2</run_address>
         <size>0x9c</size>
         <input_file_ref idref="fl-de"/>
      </object_component>
      <object_component id="oc-259">
         <name>.text</name>
         <load_address>0x387e</load_address>
         <run_address>0x387e</run_address>
         <size>0x96</size>
         <input_file_ref idref="fl-10c"/>
      </object_component>
      <object_component id="oc-4dd">
         <name>.text:__aeabi_cdcmple</name>
         <load_address>0x3914</load_address>
         <run_address>0x3914</run_address>
         <size>0x86</size>
         <input_file_ref idref="fl-10e"/>
      </object_component>
      <object_component id="oc-558">
         <name>.text:__aeabi_cdrcmple</name>
         <load_address>0x399a</load_address>
         <run_address>0x399a</run_address>
         <size>0x86</size>
         <input_file_ref idref="fl-10e"/>
      </object_component>
      <object_component id="oc-265">
         <name>.text</name>
         <load_address>0x3a20</load_address>
         <run_address>0x3a20</run_address>
         <size>0x84</size>
         <input_file_ref idref="fl-108"/>
      </object_component>
      <object_component id="oc-30c">
         <name>.text:fflush</name>
         <load_address>0x3aa4</load_address>
         <run_address>0x3aa4</run_address>
         <size>0x7c</size>
         <input_file_ref idref="fl-d9"/>
      </object_component>
      <object_component id="oc-213">
         <name>.text:ADCSequenceStepConfigure</name>
         <load_address>0x3b20</load_address>
         <run_address>0x3b20</run_address>
         <size>0x7a</size>
         <input_file_ref idref="fl-100"/>
      </object_component>
      <object_component id="oc-96">
         <name>.text</name>
         <load_address>0x3b9a</load_address>
         <run_address>0x3b9a</run_address>
         <size>0x7a</size>
         <input_file_ref idref="fl-df"/>
      </object_component>
      <object_component id="oc-17b">
         <name>.text</name>
         <load_address>0x3c14</load_address>
         <run_address>0x3c14</run_address>
         <size>0x78</size>
         <input_file_ref idref="fl-5"/>
      </object_component>
      <object_component id="oc-5be">
         <name>.text:__TI_closefile</name>
         <load_address>0x3c8c</load_address>
         <run_address>0x3c8c</run_address>
         <size>0x74</size>
         <input_file_ref idref="fl-f7"/>
      </object_component>
      <object_component id="oc-622">
         <name>.text:split</name>
         <load_address>0x3d00</load_address>
         <run_address>0x3d00</run_address>
         <size>0x70</size>
         <input_file_ref idref="fl-e7"/>
      </object_component>
      <object_component id="oc-569">
         <name>.text:_mcpy</name>
         <load_address>0x3d70</load_address>
         <run_address>0x3d70</run_address>
         <size>0x6e</size>
         <input_file_ref idref="fl-10d"/>
      </object_component>
      <object_component id="oc-5eb">
         <name>.text:HOSTrename</name>
         <load_address>0x3de0</load_address>
         <run_address>0x3de0</run_address>
         <size>0x6c</size>
         <input_file_ref idref="fl-f1"/>
      </object_component>
      <object_component id="oc-5df">
         <name>.text:HOSTlseek</name>
         <load_address>0x3e4c</load_address>
         <run_address>0x3e4c</run_address>
         <size>0x68</size>
         <input_file_ref idref="fl-ee"/>
      </object_component>
      <object_component id="oc-32b">
         <name>.text:IntEnable</name>
         <load_address>0x3eb4</load_address>
         <run_address>0x3eb4</run_address>
         <size>0x68</size>
         <input_file_ref idref="fl-102"/>
      </object_component>
      <object_component id="oc-15">
         <name>.text:decompress:lzss:__TI_decompress_lzss</name>
         <load_address>0x3f1c</load_address>
         <run_address>0x3f1c</run_address>
         <size>0x68</size>
         <input_file_ref idref="fl-d4"/>
      </object_component>
      <object_component id="oc-57e">
         <name>.text:frexp</name>
         <load_address>0x3f84</load_address>
         <run_address>0x3f84</run_address>
         <size>0x64</size>
         <input_file_ref idref="fl-114"/>
      </object_component>
      <object_component id="oc-4a7">
         <name>.text:fseek</name>
         <load_address>0x3fe8</load_address>
         <run_address>0x3fe8</run_address>
         <size>0x64</size>
         <input_file_ref idref="fl-ec"/>
      </object_component>
      <object_component id="oc-400">
         <name>.text:__TI_wrt_ok</name>
         <load_address>0x404c</load_address>
         <run_address>0x404c</run_address>
         <size>0x62</size>
         <input_file_ref idref="fl-db"/>
      </object_component>
      <object_component id="oc-5c7">
         <name>.text:HOSTopen</name>
         <load_address>0x40b0</load_address>
         <run_address>0x40b0</run_address>
         <size>0x60</size>
         <input_file_ref idref="fl-ef"/>
      </object_component>
      <object_component id="oc-2ae">
         <name>.text:TimerConfigure</name>
         <load_address>0x4110</load_address>
         <run_address>0x4110</run_address>
         <size>0x60</size>
         <input_file_ref idref="fl-104"/>
      </object_component>
      <object_component id="oc-629">
         <name>.text:close</name>
         <load_address>0x4170</load_address>
         <run_address>0x4170</run_address>
         <size>0x5c</size>
         <input_file_ref idref="fl-fe"/>
      </object_component>
      <object_component id="oc-1d8">
         <name>.text:GPIOIntTypeSet</name>
         <load_address>0x41cc</load_address>
         <run_address>0x41cc</run_address>
         <size>0x58</size>
         <input_file_ref idref="fl-101"/>
      </object_component>
      <object_component id="oc-5d3">
         <name>.text:HOSTread</name>
         <load_address>0x4224</load_address>
         <run_address>0x4224</run_address>
         <size>0x58</size>
         <input_file_ref idref="fl-f0"/>
      </object_component>
      <object_component id="oc-5d9">
         <name>.text:HOSTwrite</name>
         <load_address>0x427c</load_address>
         <run_address>0x427c</run_address>
         <size>0x58</size>
         <input_file_ref idref="fl-f3"/>
      </object_component>
      <object_component id="oc-4e8">
         <name>.text:_pconv_f</name>
         <load_address>0x42d4</load_address>
         <run_address>0x42d4</run_address>
         <size>0x56</size>
         <input_file_ref idref="fl-10d"/>
      </object_component>
      <object_component id="oc-55d">
         <name>.text:__TI_ltoa</name>
         <load_address>0x432a</load_address>
         <run_address>0x432a</run_address>
         <size>0x54</size>
         <input_file_ref idref="fl-10f"/>
      </object_component>
      <object_component id="oc-563">
         <name>.text:_ecpy</name>
         <load_address>0x437e</load_address>
         <run_address>0x437e</run_address>
         <size>0x52</size>
         <input_file_ref idref="fl-10d"/>
      </object_component>
      <object_component id="oc-348">
         <name>.text:_ADCIntNumberGet</name>
         <load_address>0x43d0</load_address>
         <run_address>0x43d0</run_address>
         <size>0x50</size>
         <input_file_ref idref="fl-100"/>
      </object_component>
      <object_component id="oc-20d">
         <name>.text:ADCSequenceConfigure</name>
         <load_address>0x4420</load_address>
         <run_address>0x4420</run_address>
         <size>0x4e</size>
         <input_file_ref idref="fl-100"/>
      </object_component>
      <object_component id="oc-2a8">
         <name>.text:GPIOPinConfigure</name>
         <load_address>0x4470</load_address>
         <run_address>0x4470</run_address>
         <size>0x4c</size>
         <input_file_ref idref="fl-101"/>
      </object_component>
      <object_component id="oc-412">
         <name>.text:__TI_doflush</name>
         <load_address>0x44bc</load_address>
         <run_address>0x44bc</run_address>
         <size>0x4c</size>
         <input_file_ref idref="fl-d9"/>
      </object_component>
      <object_component id="oc-4d1">
         <name>.text:atoi</name>
         <load_address>0x4508</load_address>
         <run_address>0x4508</run_address>
         <size>0x4c</size>
         <input_file_ref idref="fl-110"/>
      </object_component>
      <object_component id="oc-137">
         <name>.text:exit</name>
         <load_address>0x4554</load_address>
         <run_address>0x4554</run_address>
         <size>0x48</size>
         <input_file_ref idref="fl-e3"/>
      </object_component>
      <object_component id="oc-102">
         <name>.text</name>
         <load_address>0x459c</load_address>
         <run_address>0x459c</run_address>
         <size>0x48</size>
         <input_file_ref idref="fl-ce"/>
      </object_component>
      <object_component id="oc-381">
         <name>.text:UARTConfigSetExpClk</name>
         <load_address>0x45e4</load_address>
         <run_address>0x45e4</run_address>
         <size>0x46</size>
         <input_file_ref idref="fl-118"/>
      </object_component>
      <object_component id="oc-23e">
         <name>.text</name>
         <load_address>0x462c</load_address>
         <run_address>0x462c</run_address>
         <size>0x46</size>
         <input_file_ref idref="fl-7"/>
      </object_component>
      <object_component id="oc-246">
         <name>.text</name>
         <load_address>0x4672</load_address>
         <run_address>0x4672</run_address>
         <size>0x46</size>
         <input_file_ref idref="fl-8"/>
      </object_component>
      <object_component id="oc-5cd">
         <name>.text:HOSTclose</name>
         <load_address>0x46b8</load_address>
         <run_address>0x46b8</run_address>
         <size>0x44</size>
         <input_file_ref idref="fl-ed"/>
      </object_component>
      <object_component id="oc-5e5">
         <name>.text:HOSTunlink</name>
         <load_address>0x46fc</load_address>
         <run_address>0x46fc</run_address>
         <size>0x44</size>
         <input_file_ref idref="fl-f2"/>
      </object_component>
      <object_component id="oc-325">
         <name>.text:_GPIOIntNumberGet</name>
         <load_address>0x4740</load_address>
         <run_address>0x4740</run_address>
         <size>0x44</size>
         <input_file_ref idref="fl-101"/>
      </object_component>
      <object_component id="oc-13d">
         <name>.text:__TI_auto_init_nobinit_nopinit:__TI_auto_init_nobinit_nopinit</name>
         <load_address>0x4784</load_address>
         <run_address>0x4784</run_address>
         <size>0x44</size>
         <input_file_ref idref="fl-e0"/>
      </object_component>
      <object_component id="oc-66a">
         <name>.text:getdevice</name>
         <load_address>0x47c8</load_address>
         <run_address>0x47c8</run_address>
         <size>0x44</size>
         <input_file_ref idref="fl-f8"/>
      </object_component>
      <object_component id="oc-ee">
         <name>.text</name>
         <load_address>0x480c</load_address>
         <run_address>0x480c</run_address>
         <size>0x40</size>
         <input_file_ref idref="fl-d1"/>
      </object_component>
      <object_component id="oc-393">
         <name>.text:vsnprintf</name>
         <load_address>0x484c</load_address>
         <run_address>0x484c</run_address>
         <size>0x40</size>
         <input_file_ref idref="fl-10b"/>
      </object_component>
      <object_component id="oc-576">
         <name>.text:_fcpy</name>
         <load_address>0x488c</load_address>
         <run_address>0x488c</run_address>
         <size>0x3e</size>
         <input_file_ref idref="fl-10d"/>
      </object_component>
      <object_component id="oc-638">
         <name>.text:__TI_writemsg</name>
         <load_address>0x48cc</load_address>
         <run_address>0x48cc</run_address>
         <size>0x38</size>
         <input_file_ref idref="fl-f4"/>
      </object_component>
      <object_component id="oc-231">
         <name>.text</name>
         <load_address>0x4904</load_address>
         <run_address>0x4904</run_address>
         <size>0x38</size>
         <input_file_ref idref="fl-cf"/>
      </object_component>
      <object_component id="oc-68c">
         <name>.text:strncpy</name>
         <load_address>0x493c</load_address>
         <run_address>0x493c</run_address>
         <size>0x36</size>
         <input_file_ref idref="fl-fc"/>
      </object_component>
      <object_component id="oc-2f9">
         <name>.text:IntRegister</name>
         <load_address>0x4974</load_address>
         <run_address>0x4974</run_address>
         <size>0x34</size>
         <input_file_ref idref="fl-102"/>
      </object_component>
      <object_component id="oc-1c0">
         <name>.text:SysCtlPeripheralEnable</name>
         <load_address>0x49a8</load_address>
         <run_address>0x49a8</run_address>
         <size>0x34</size>
         <input_file_ref idref="fl-103"/>
      </object_component>
      <object_component id="oc-52c">
         <name>.text:__TI_cleanup</name>
         <load_address>0x49dc</load_address>
         <run_address>0x49dc</run_address>
         <size>0x34</size>
         <input_file_ref idref="fl-eb"/>
      </object_component>
      <object_component id="oc-63e">
         <name>.text:__TI_readmsg</name>
         <load_address>0x4a10</load_address>
         <run_address>0x4a10</run_address>
         <size>0x34</size>
         <input_file_ref idref="fl-f4"/>
      </object_component>
      <object_component id="oc-5c">
         <name>.text:_c_int00_noargs:_c_int00_noargs</name>
         <load_address>0x4a44</load_address>
         <run_address>0x4a44</run_address>
         <size>0x34</size>
         <input_file_ref idref="fl-d7"/>
      </object_component>
      <object_component id="oc-464">
         <name>.text:_outs</name>
         <load_address>0x4a78</load_address>
         <run_address>0x4a78</run_address>
         <size>0x30</size>
         <input_file_ref idref="fl-10b"/>
      </object_component>
      <object_component id="oc-692">
         <name>.text:finddevice</name>
         <load_address>0x4aa8</load_address>
         <run_address>0x4aa8</run_address>
         <size>0x30</size>
         <input_file_ref idref="fl-f8"/>
      </object_component>
      <object_component id="oc-f3">
         <name>.text</name>
         <load_address>0x4ad8</load_address>
         <run_address>0x4ad8</run_address>
         <size>0x2e</size>
         <input_file_ref idref="fl-d0"/>
      </object_component>
      <object_component id="oc-272">
         <name>.text:GPIODirModeSet</name>
         <load_address>0x4b06</load_address>
         <run_address>0x4b06</run_address>
         <size>0x2c</size>
         <input_file_ref idref="fl-101"/>
      </object_component>
      <object_component id="oc-62f">
         <name>.text:unlink</name>
         <load_address>0x4b34</load_address>
         <run_address>0x4b34</run_address>
         <size>0x2c</size>
         <input_file_ref idref="fl-ff"/>
      </object_component>
      <object_component id="oc-5b0">
         <name>.text:free_list_insert</name>
         <load_address>0x4b60</load_address>
         <run_address>0x4b60</run_address>
         <size>0x28</size>
         <input_file_ref idref="fl-e7"/>
      </object_component>
      <object_component id="oc-518">
         <name>.text:lseek</name>
         <load_address>0x4b88</load_address>
         <run_address>0x4b88</run_address>
         <size>0x28</size>
         <input_file_ref idref="fl-f6"/>
      </object_component>
      <object_component id="oc-2cd">
         <name>.text:sqrtf</name>
         <load_address>0x4bb0</load_address>
         <run_address>0x4bb0</run_address>
         <size>0x28</size>
         <input_file_ref idref="fl-c8"/>
      </object_component>
      <object_component id="oc-418">
         <name>.text:write</name>
         <load_address>0x4bd8</load_address>
         <run_address>0x4bd8</run_address>
         <size>0x28</size>
         <input_file_ref idref="fl-e9"/>
      </object_component>
      <object_component id="oc-1de">
         <name>.text:IntPrioritySet</name>
         <load_address>0x4c00</load_address>
         <run_address>0x4c00</run_address>
         <size>0x24</size>
         <input_file_ref idref="fl-102"/>
      </object_component>
      <object_component id="oc-44e">
         <name>.text:UARTDisable</name>
         <load_address>0x4c24</load_address>
         <run_address>0x4c24</run_address>
         <size>0x20</size>
         <input_file_ref idref="fl-118"/>
      </object_component>
      <object_component id="oc-40c">
         <name>.text:memchr</name>
         <load_address>0x4c44</load_address>
         <run_address>0x4c44</run_address>
         <size>0x20</size>
         <input_file_ref idref="fl-e6"/>
      </object_component>
      <object_component id="oc-360">
         <name>.text:ADCSequenceDataGet</name>
         <load_address>0x4c64</load_address>
         <run_address>0x4c64</run_address>
         <size>0x1e</size>
         <input_file_ref idref="fl-100"/>
      </object_component>
      <object_component id="oc-198">
         <name>.text:SysTickIntRegister</name>
         <load_address>0x4c84</load_address>
         <run_address>0x4c84</run_address>
         <size>0x1c</size>
         <input_file_ref idref="fl-117"/>
      </object_component>
      <object_component id="oc-1b0">
         <name>.text:_abort_msg</name>
         <load_address>0x4ca0</load_address>
         <run_address>0x4ca0</run_address>
         <size>0x1c</size>
         <input_file_ref idref="fl-d5"/>
      </object_component>
      <object_component id="oc-5aa">
         <name>.text:free_list_remove</name>
         <load_address>0x4cbc</load_address>
         <run_address>0x4cbc</run_address>
         <size>0x1c</size>
         <input_file_ref idref="fl-e7"/>
      </object_component>
      <object_component id="oc-4fa">
         <name>.text:memccpy</name>
         <load_address>0x4cd8</load_address>
         <run_address>0x4cd8</run_address>
         <size>0x1c</size>
         <input_file_ref idref="fl-112"/>
      </object_component>
      <object_component id="oc-374">
         <name>.text:GPIOPinTypeGPIOOutput</name>
         <load_address>0x4cf4</load_address>
         <run_address>0x4cf4</run_address>
         <size>0x1a</size>
         <input_file_ref idref="fl-101"/>
      </object_component>
      <object_component id="oc-603">
         <name>.text:copysign</name>
         <load_address>0x4d0e</load_address>
         <run_address>0x4d0e</run_address>
         <size>0x1a</size>
         <input_file_ref idref="fl-116"/>
      </object_component>
      <object_component id="oc-219">
         <name>.text:ADCIntRegister</name>
         <load_address>0x4d28</load_address>
         <run_address>0x4d28</run_address>
         <size>0x18</size>
         <input_file_ref idref="fl-100"/>
      </object_component>
      <object_component id="oc-22b">
         <name>.text:ADCProcessorTrigger</name>
         <load_address>0x4d40</load_address>
         <run_address>0x4d40</run_address>
         <size>0x18</size>
         <input_file_ref idref="fl-100"/>
      </object_component>
      <object_component id="oc-1d2">
         <name>.text:GPIOIntRegister</name>
         <load_address>0x4d58</load_address>
         <run_address>0x4d58</run_address>
         <size>0x18</size>
         <input_file_ref idref="fl-101"/>
      </object_component>
      <object_component id="oc-2b4">
         <name>.text:TimerControlLevel</name>
         <load_address>0x4d70</load_address>
         <run_address>0x4d70</run_address>
         <size>0x18</size>
         <input_file_ref idref="fl-104"/>
      </object_component>
      <object_component id="oc-46a">
         <name>.text:_outc</name>
         <load_address>0x4d88</load_address>
         <run_address>0x4d88</run_address>
         <size>0x18</size>
         <input_file_ref idref="fl-10b"/>
      </object_component>
      <object_component id="oc-3d3">
         <name>.text:copysignf</name>
         <load_address>0x4da0</load_address>
         <run_address>0x4da0</run_address>
         <size>0x18</size>
         <input_file_ref idref="fl-ca"/>
      </object_component>
      <object_component id="oc-6a9">
         <name>.text:strcmp</name>
         <load_address>0x4db8</load_address>
         <run_address>0x4db8</run_address>
         <size>0x18</size>
         <input_file_ref idref="fl-fa"/>
      </object_component>
      <object_component id="oc-1ea">
         <name>.text:EventInitialized</name>
         <load_address>0x4dd0</load_address>
         <run_address>0x4dd0</run_address>
         <size>0x16</size>
         <input_file_ref idref="fl-3"/>
      </object_component>
      <object_component id="oc-1c6">
         <name>.text:GPIOPinTypeGPIOInput</name>
         <load_address>0x4de6</load_address>
         <run_address>0x4de6</run_address>
         <size>0x16</size>
         <input_file_ref idref="fl-101"/>
      </object_component>
      <object_component id="oc-2a2">
         <name>.text:GPIOPinTypeTimer</name>
         <load_address>0x4dfc</load_address>
         <run_address>0x4dfc</run_address>
         <size>0x16</size>
         <input_file_ref idref="fl-101"/>
      </object_component>
      <object_component id="oc-37b">
         <name>.text:GPIOPinTypeUART</name>
         <load_address>0x4e12</load_address>
         <run_address>0x4e12</run_address>
         <size>0x16</size>
         <input_file_ref idref="fl-101"/>
      </object_component>
      <object_component id="oc-58a">
         <name>.text:strchr</name>
         <load_address>0x4e28</load_address>
         <run_address>0x4e28</run_address>
         <size>0x16</size>
         <input_file_ref idref="fl-f9"/>
      </object_component>
      <object_component id="oc-1a4">
         <name>.text:SysTickEnable</name>
         <load_address>0x4e40</load_address>
         <run_address>0x4e40</run_address>
         <size>0x14</size>
         <input_file_ref idref="fl-117"/>
      </object_component>
      <object_component id="oc-19e">
         <name>.text:SysTickIntEnable</name>
         <load_address>0x4e54</load_address>
         <run_address>0x4e54</run_address>
         <size>0x14</size>
         <input_file_ref idref="fl-117"/>
      </object_component>
      <object_component id="oc-454">
         <name>.text:UARTEnable</name>
         <load_address>0x4e68</load_address>
         <run_address>0x4e68</run_address>
         <size>0x14</size>
         <input_file_ref idref="fl-118"/>
      </object_component>
      <object_component id="oc-652">
         <name>.text:strcpy</name>
         <load_address>0x4e7c</load_address>
         <run_address>0x4e7c</run_address>
         <size>0x14</size>
         <input_file_ref idref="fl-fb"/>
      </object_component>
      <object_component id="oc-406">
         <name>.text:strlen</name>
         <load_address>0x4e90</load_address>
         <run_address>0x4e90</run_address>
         <size>0x14</size>
         <input_file_ref idref="fl-e8"/>
      </object_component>
      <object_component id="oc-2c0">
         <name>.text:TimerLoadSet</name>
         <load_address>0x4ea4</load_address>
         <run_address>0x4ea4</run_address>
         <size>0x12</size>
         <input_file_ref idref="fl-104"/>
      </object_component>
      <object_component id="oc-2c6">
         <name>.text:TimerMatchSet</name>
         <load_address>0x4eb6</load_address>
         <run_address>0x4eb6</run_address>
         <size>0x12</size>
         <input_file_ref idref="fl-104"/>
      </object_component>
      <object_component id="oc-500">
         <name>.text:wcslen</name>
         <load_address>0x4ec8</load_address>
         <run_address>0x4ec8</run_address>
         <size>0x12</size>
         <input_file_ref idref="fl-113"/>
      </object_component>
      <object_component id="oc-21f">
         <name>.text:ADCIntEnable</name>
         <load_address>0x4eda</load_address>
         <run_address>0x4eda</run_address>
         <size>0x10</size>
         <input_file_ref idref="fl-100"/>
      </object_component>
      <object_component id="oc-192">
         <name>.text:SysTickPeriodSet</name>
         <load_address>0x4eec</load_address>
         <run_address>0x4eec</run_address>
         <size>0x10</size>
         <input_file_ref idref="fl-117"/>
      </object_component>
      <object_component id="oc-225">
         <name>.text:ADCSequenceEnable</name>
         <load_address>0x4efc</load_address>
         <run_address>0x4efc</run_address>
         <size>0xe</size>
         <input_file_ref idref="fl-100"/>
      </object_component>
      <object_component id="oc-2ba">
         <name>.text:TimerEnable</name>
         <load_address>0x4f0a</load_address>
         <run_address>0x4f0a</run_address>
         <size>0xe</size>
         <input_file_ref idref="fl-104"/>
      </object_component>
      <object_component id="oc-1b">
         <name>.text:decompress:none:__TI_decompress_none</name>
         <load_address>0x4f18</load_address>
         <run_address>0x4f18</run_address>
         <size>0xe</size>
         <input_file_ref idref="fl-d3"/>
      </object_component>
      <object_component id="oc-1e4">
         <name>.text:GPIOIntEnable</name>
         <load_address>0x4f26</load_address>
         <run_address>0x4f26</run_address>
         <size>0xc</size>
         <input_file_ref idref="fl-101"/>
      </object_component>
      <object_component id="oc-50">
         <name>.text:decompress:ZI:__TI_zero_init</name>
         <load_address>0x4f32</load_address>
         <run_address>0x4f32</run_address>
         <size>0xc</size>
         <input_file_ref idref="fl-d2"/>
      </object_component>
      <object_component id="oc-2a">
         <name>.text</name>
         <load_address>0x4f3e</load_address>
         <run_address>0x4f3e</run_address>
         <size>0xc</size>
         <input_file_ref idref="fl-b"/>
      </object_component>
      <object_component id="oc-366">
         <name>.text:ADCIntClear</name>
         <load_address>0x4f4a</load_address>
         <run_address>0x4f4a</run_address>
         <size>0xa</size>
         <input_file_ref idref="fl-100"/>
      </object_component>
      <object_component id="oc-38d">
         <name>.text:UARTCharGet</name>
         <load_address>0x4f54</load_address>
         <run_address>0x4f54</run_address>
         <size>0xa</size>
         <input_file_ref idref="fl-118"/>
      </object_component>
      <object_component id="oc-387">
         <name>.text:UARTCharPut</name>
         <load_address>0x4f5e</load_address>
         <run_address>0x4f5e</run_address>
         <size>0xa</size>
         <input_file_ref idref="fl-118"/>
      </object_component>
      <object_component id="oc-2d9">
         <name>.text:__aeabi_errno_addr</name>
         <load_address>0x4f68</load_address>
         <run_address>0x4f68</run_address>
         <size>0x8</size>
         <input_file_ref idref="fl-d8"/>
      </object_component>
      <object_component id="oc-526">
         <name>.text:malloc</name>
         <load_address>0x4f70</load_address>
         <run_address>0x4f70</run_address>
         <size>0x8</size>
         <input_file_ref idref="fl-e7"/>
      </object_component>
      <object_component id="oc-1f7">
         <name>.text:GPIOIntClear</name>
         <load_address>0x4f78</load_address>
         <run_address>0x4f78</run_address>
         <size>0x6</size>
         <input_file_ref idref="fl-101"/>
      </object_component>
      <object_component id="oc-1f1">
         <name>.text:GPIOPinRead</name>
         <load_address>0x4f7e</load_address>
         <run_address>0x4f7e</run_address>
         <size>0x6</size>
         <input_file_ref idref="fl-101"/>
      </object_component>
      <object_component id="oc-278">
         <name>.text:GPIOPinWrite</name>
         <load_address>0x4f84</load_address>
         <run_address>0x4f84</run_address>
         <size>0x6</size>
         <input_file_ref idref="fl-101"/>
      </object_component>
      <object_component id="oc-25e">
         <name>.text:SysCtlDelay</name>
         <load_address>0x4f8a</load_address>
         <run_address>0x4f8a</run_address>
         <size>0x6</size>
         <input_file_ref idref="fl-103"/>
      </object_component>
      <object_component id="oc-9c">
         <name>.text:_system_pre_init</name>
         <load_address>0x4f90</load_address>
         <run_address>0x4f90</run_address>
         <size>0x4</size>
         <input_file_ref idref="fl-e1"/>
      </object_component>
      <object_component id="oc-131">
         <name>.text:abort:abort</name>
         <load_address>0x4f94</load_address>
         <run_address>0x4f94</run_address>
         <size>0x4</size>
         <input_file_ref idref="fl-e3"/>
      </object_component>
      <object_component id="oc-551">
         <name>.const:.string:_ctypes_</name>
         <load_address>0x4f98</load_address>
         <run_address>0x4f98</run_address>
         <size>0x101</size>
         <input_file_ref idref="fl-111"/>
      </object_component>
      <object_component id="oc-43b">
         <name>.const:g_ppui32GPIOIntMapSnowflake</name>
         <load_address>0x509c</load_address>
         <run_address>0x509c</run_address>
         <size>0xd8</size>
         <input_file_ref idref="fl-101"/>
      </object_component>
      <object_component id="oc-438">
         <name>.const:g_ppui32GPIOIntMapBlizzard</name>
         <load_address>0x5174</load_address>
         <run_address>0x5174</run_address>
         <size>0xc0</size>
         <input_file_ref idref="fl-101"/>
      </object_component>
      <object_component id="oc-333">
         <name>.const:g_pui32Regs</name>
         <load_address>0x5234</load_address>
         <run_address>0x5234</run_address>
         <size>0x9c</size>
         <input_file_ref idref="fl-102"/>
      </object_component>
      <object_component id="oc-3c7">
         <name>.const:g_pui32GPIOBaseAddrs</name>
         <load_address>0x52d0</load_address>
         <run_address>0x52d0</run_address>
         <size>0x90</size>
         <input_file_ref idref="fl-101"/>
      </object_component>
      <object_component id="oc-2ee">
         <name>.const:g_pui32Xtals</name>
         <load_address>0x5360</load_address>
         <run_address>0x5360</run_address>
         <size>0x6c</size>
         <input_file_ref idref="fl-103"/>
      </object_component>
      <object_component id="oc-2df">
         <name>.const:$O1$$</name>
         <load_address>0x53cc</load_address>
         <run_address>0x53cc</run_address>
         <size>0x18</size>
         <input_file_ref idref="fl-c7"/>
      </object_component>
      <object_component id="oc-43f">
         <name>.const:g_pui32EnRegs</name>
         <load_address>0x53e4</load_address>
         <run_address>0x53e4</run_address>
         <size>0x14</size>
         <input_file_ref idref="fl-102"/>
      </object_component>
      <object_component id="oc-6e4">
         <name>.cinit..data.load</name>
         <load_address>0x53f8</load_address>
         <run_address>0x53f8</run_address>
         <size>0x198</size>
      </object_component>
      <object_component id="oc-6e1">
         <name>__TI_handler_table</name>
         <load_address>0x5590</load_address>
         <run_address>0x5590</run_address>
         <size>0xc</size>
      </object_component>
      <object_component id="oc-6e5">
         <name>.cinit..bss.load</name>
         <load_address>0x55a0</load_address>
         <run_address>0x55a0</run_address>
         <size>0x8</size>
      </object_component>
      <object_component id="oc-6e3">
         <name>.cinit..vtable.load</name>
         <load_address>0x55a8</load_address>
         <run_address>0x55a8</run_address>
         <size>0x8</size>
      </object_component>
      <object_component id="oc-6e2">
         <name>__TI_cinit_table</name>
         <load_address>0x55b0</load_address>
         <run_address>0x55b0</run_address>
         <size>0x18</size>
      </object_component>
      <object_component id="oc-3fc">
         <name>.vtable</name>
         <uninitialized>true</uninitialized>
         <run_address>0x20000000</run_address>
         <size>0x26c</size>
         <input_file_ref idref="fl-102"/>
      </object_component>
      <object_component id="oc-119">
         <name>.data:track1_notes</name>
         <load_address>0x20001270</load_address>
         <run_address>0x20001270</run_address>
         <size>0x1f8</size>
         <input_file_ref idref="fl-3"/>
      </object_component>
      <object_component id="oc-128">
         <name>.data:track1_duration</name>
         <load_address>0x20001468</load_address>
         <run_address>0x20001468</run_address>
         <size>0x1f4</size>
         <input_file_ref idref="fl-3"/>
      </object_component>
      <object_component id="oc-10d">
         <name>.data:buzzer_sys</name>
         <load_address>0x20001844</load_address>
         <run_address>0x20001844</run_address>
         <size>0x24</size>
         <input_file_ref idref="fl-3"/>
      </object_component>
      <object_component id="oc-116">
         <name>.data</name>
         <load_address>0x200018a0</load_address>
         <run_address>0x200018a0</run_address>
         <size>0x8</size>
         <input_file_ref idref="fl-3"/>
      </object_component>
      <object_component id="oc-187">
         <name>.data:buzzer_baseToneCycles</name>
         <load_address>0x20001814</load_address>
         <run_address>0x20001814</run_address>
         <size>0x30</size>
         <input_file_ref idref="fl-4"/>
      </object_component>
      <object_component id="oc-24b">
         <name>.data:seg7_coding_table</name>
         <load_address>0x20001884</load_address>
         <run_address>0x20001884</run_address>
         <size>0xc</size>
         <input_file_ref idref="fl-9"/>
      </object_component>
      <object_component id="oc-312">
         <name>.data:_ftable</name>
         <load_address>0x2000165c</load_address>
         <run_address>0x2000165c</run_address>
         <size>0xf0</size>
         <input_file_ref idref="fl-d6"/>
      </object_component>
      <object_component id="oc-420">
         <name>.data</name>
         <load_address>0x20001868</load_address>
         <run_address>0x20001868</run_address>
         <size>0x10</size>
         <input_file_ref idref="fl-d6"/>
      </object_component>
      <object_component id="oc-3e0">
         <name>.data</name>
         <load_address>0x200018b4</load_address>
         <run_address>0x200018b4</run_address>
         <size>0x4</size>
         <input_file_ref idref="fl-d8"/>
      </object_component>
      <object_component id="oc-283">
         <name>.data:$O1$$</name>
         <load_address>0x20001878</load_address>
         <run_address>0x20001878</run_address>
         <size>0xc</size>
         <input_file_ref idref="fl-e3"/>
      </object_component>
      <object_component id="oc-286">
         <name>.data:$O1$$</name>
         <load_address>0x20001890</load_address>
         <run_address>0x20001890</run_address>
         <size>0x8</size>
         <input_file_ref idref="fl-e4"/>
      </object_component>
      <object_component id="oc-61d">
         <name>.data:$O1$$</name>
         <load_address>0x20001898</load_address>
         <run_address>0x20001898</run_address>
         <size>0x8</size>
         <input_file_ref idref="fl-e7"/>
      </object_component>
      <object_component id="oc-53f">
         <name>.data:_device</name>
         <load_address>0x2000174c</load_address>
         <run_address>0x2000174c</run_address>
         <size>0x78</size>
         <input_file_ref idref="fl-ea"/>
      </object_component>
      <object_component id="oc-4ba">
         <name>.data:_stream</name>
         <load_address>0x200017c4</load_address>
         <run_address>0x200017c4</run_address>
         <size>0x50</size>
         <input_file_ref idref="fl-ea"/>
      </object_component>
      <object_component id="oc-1b6">
         <name>.data</name>
         <load_address>0x200018a8</load_address>
         <run_address>0x200018a8</run_address>
         <size>0x5</size>
         <input_file_ref idref="fl-106"/>
      </object_component>
      <object_component id="oc-200">
         <name>.data</name>
         <load_address>0x200018b0</load_address>
         <run_address>0x200018b0</run_address>
         <size>0x4</size>
         <input_file_ref idref="fl-109"/>
      </object_component>
      <object_component id="oc-674">
         <name>.bss:_CIOBUF_</name>
         <uninitialized>true</uninitialized>
         <run_address>0x200018b8</run_address>
         <size>0x120</size>
         <input_file_ref idref="fl-f4"/>
      </object_component>
      <object_component id="oc-1aa">
         <name>.bss:bin_head</name>
         <uninitialized>true</uninitialized>
         <run_address>0x200019d8</run_address>
         <size>0x100</size>
         <input_file_ref idref="fl-106"/>
      </object_component>
      <object_component id="oc-1ad">
         <name>.bss:bin_head_heap</name>
         <uninitialized>true</uninitialized>
         <run_address>0x20001c30</run_address>
         <size>0x10</size>
         <input_file_ref idref="fl-106"/>
      </object_component>
      <object_component id="oc-1fd">
         <name>.bss:push_button</name>
         <uninitialized>true</uninitialized>
         <run_address>0x20001c40</run_address>
         <size>0x10</size>
         <input_file_ref idref="fl-109"/>
      </object_component>
      <object_component id="oc-399">
         <name>.bss:buffer$1</name>
         <uninitialized>true</uninitialized>
         <run_address>0x20001b78</run_address>
         <size>0x54</size>
         <input_file_ref idref="fl-10a"/>
      </object_component>
      <object_component id="oc-12e">
         <name>.common:check_push_button_event</name>
         <uninitialized>true</uninitialized>
         <run_address>0x20001bcc</run_address>
         <size>0x14</size>
      </object_component>
      <object_component id="oc-12b">
         <name>.common:play_sound_event</name>
         <uninitialized>true</uninitialized>
         <run_address>0x20001bf4</run_address>
         <size>0x14</size>
      </object_component>
      <object_component id="oc-12d">
         <name>.common:ras_trigger_event</name>
         <uninitialized>true</uninitialized>
         <run_address>0x20001c1c</run_address>
         <size>0x14</size>
      </object_component>
      <object_component id="oc-12f">
         <name>.common:ras_data_event</name>
         <uninitialized>true</uninitialized>
         <run_address>0x20001c08</run_address>
         <size>0x14</size>
      </object_component>
      <object_component id="oc-12c">
         <name>.common:display_update_event</name>
         <uninitialized>true</uninitialized>
         <run_address>0x20001be0</run_address>
         <size>0x14</size>
      </object_component>
      <object_component id="oc-23b">
         <name>.common:rotary_angle_sensor</name>
         <uninitialized>true</uninitialized>
         <run_address>0x20001c50</run_address>
         <size>0xc</size>
      </object_component>
      <object_component id="oc-635">
         <name>.common:__TI_tmpnams</name>
         <uninitialized>true</uninitialized>
         <run_address>0x20001ad8</run_address>
         <size>0xa0</size>
      </object_component>
      <object_component id="oc-644">
         <name>.common:parmbuf</name>
         <uninitialized>true</uninitialized>
         <run_address>0x20001c5c</run_address>
         <size>0x8</size>
      </object_component>
      <object_component id="oc-27">
         <name>.sysmem</name>
         <uninitialized>true</uninitialized>
         <run_address>0x20000a70</run_address>
         <size>0x10</size>
         <input_file_ref idref="fl-e7"/>
      </object_component>
      <object_component id="oc-6e8">
         <name>.sysmem</name>
         <uninitialized>true</uninitialized>
         <run_address>0x20000a70</run_address>
         <size>0x0</size>
      </object_component>
      <object_component id="oc-24">
         <name>.stack</name>
         <uninitialized>true</uninitialized>
         <run_address>0x20000270</run_address>
         <size>0x4</size>
         <input_file_ref idref="fl-d7"/>
      </object_component>
      <object_component id="oc-6e7">
         <name>.stack</name>
         <uninitialized>true</uninitialized>
         <run_address>0x20000270</run_address>
         <size>0x0</size>
      </object_component>
      <object_component id="oc-ca">
         <name>.debug_info</name>
         <load_address>0x0</load_address>
         <run_address>0x0</run_address>
         <size>0x746</size>
         <input_file_ref idref="fl-3"/>
      </object_component>
      <object_component id="oc-11a">
         <name>.debug_info</name>
         <load_address>0x746</load_address>
         <run_address>0x746</run_address>
         <size>0xf8</size>
         <input_file_ref idref="fl-3"/>
      </object_component>
      <object_component id="oc-129">
         <name>.debug_info</name>
         <load_address>0x83e</load_address>
         <run_address>0x83e</run_address>
         <size>0xfe</size>
         <input_file_ref idref="fl-3"/>
      </object_component>
      <object_component id="oc-10e">
         <name>.debug_info</name>
         <load_address>0x93c</load_address>
         <run_address>0x93c</run_address>
         <size>0xf4</size>
         <input_file_ref idref="fl-3"/>
      </object_component>
      <object_component id="oc-117">
         <name>.debug_info</name>
         <load_address>0xa30</load_address>
         <run_address>0xa30</run_address>
         <size>0x12d</size>
         <input_file_ref idref="fl-3"/>
      </object_component>
      <object_component id="oc-1eb">
         <name>.debug_info</name>
         <load_address>0xb5d</load_address>
         <run_address>0xb5d</run_address>
         <size>0x1cb</size>
         <input_file_ref idref="fl-3"/>
      </object_component>
      <object_component id="oc-a3">
         <name>.debug_info</name>
         <load_address>0xd28</load_address>
         <run_address>0xd28</run_address>
         <size>0x83f</size>
         <input_file_ref idref="fl-3"/>
      </object_component>
      <object_component id="oc-171">
         <name>.debug_info</name>
         <load_address>0x1567</load_address>
         <run_address>0x1567</run_address>
         <size>0x193</size>
         <input_file_ref idref="fl-3"/>
      </object_component>
      <object_component id="oc-176">
         <name>.debug_info</name>
         <load_address>0x16fa</load_address>
         <run_address>0x16fa</run_address>
         <size>0x118</size>
         <input_file_ref idref="fl-3"/>
      </object_component>
      <object_component id="oc-77">
         <name>.debug_info</name>
         <load_address>0x1812</load_address>
         <run_address>0x1812</run_address>
         <size>0x26b</size>
         <input_file_ref idref="fl-3"/>
      </object_component>
      <object_component id="oc-250">
         <name>.debug_info</name>
         <load_address>0x1a7d</load_address>
         <run_address>0x1a7d</run_address>
         <size>0x5e</size>
         <input_file_ref idref="fl-3"/>
      </object_component>
      <object_component id="oc-c5">
         <name>.debug_info</name>
         <load_address>0x1adb</load_address>
         <run_address>0x1adb</run_address>
         <size>0x8b</size>
         <input_file_ref idref="fl-3"/>
      </object_component>
      <object_component id="oc-c0">
         <name>.debug_info</name>
         <load_address>0x1b66</load_address>
         <run_address>0x1b66</run_address>
         <size>0x2a4</size>
         <input_file_ref idref="fl-3"/>
      </object_component>
      <object_component id="oc-7c">
         <name>.debug_info</name>
         <load_address>0x1e0a</load_address>
         <run_address>0x1e0a</run_address>
         <size>0xbb</size>
         <input_file_ref idref="fl-3"/>
      </object_component>
      <object_component id="oc-47e">
         <name>.debug_info</name>
         <load_address>0x1ec5</load_address>
         <run_address>0x1ec5</run_address>
         <size>0xcc</size>
         <input_file_ref idref="fl-3"/>
      </object_component>
      <object_component id="oc-39c">
         <name>.debug_info</name>
         <load_address>0x1f91</load_address>
         <run_address>0x1f91</run_address>
         <size>0x2c</size>
         <input_file_ref idref="fl-3"/>
      </object_component>
      <object_component id="oc-18b">
         <name>.debug_info</name>
         <load_address>0x1fbd</load_address>
         <run_address>0x1fbd</run_address>
         <size>0x2ff</size>
         <input_file_ref idref="fl-4"/>
      </object_component>
      <object_component id="oc-188">
         <name>.debug_info</name>
         <load_address>0x22bc</load_address>
         <run_address>0x22bc</run_address>
         <size>0x106</size>
         <input_file_ref idref="fl-4"/>
      </object_component>
      <object_component id="oc-dd">
         <name>.debug_info</name>
         <load_address>0x23c2</load_address>
         <run_address>0x23c2</run_address>
         <size>0x405</size>
         <input_file_ref idref="fl-4"/>
      </object_component>
      <object_component id="oc-39">
         <name>.debug_info</name>
         <load_address>0x27c7</load_address>
         <run_address>0x27c7</run_address>
         <size>0x84</size>
         <input_file_ref idref="fl-4"/>
      </object_component>
      <object_component id="oc-17d">
         <name>.debug_info</name>
         <load_address>0x284b</load_address>
         <run_address>0x284b</run_address>
         <size>0x2d1</size>
         <input_file_ref idref="fl-5"/>
      </object_component>
      <object_component id="oc-23c">
         <name>.debug_info</name>
         <load_address>0x2b1c</load_address>
         <run_address>0x2b1c</run_address>
         <size>0x4b5</size>
         <input_file_ref idref="fl-6"/>
      </object_component>
      <object_component id="oc-109">
         <name>.debug_info</name>
         <load_address>0x2fd1</load_address>
         <run_address>0x2fd1</run_address>
         <size>0x3ce</size>
         <input_file_ref idref="fl-6"/>
      </object_component>
      <object_component id="oc-35b">
         <name>.debug_info</name>
         <load_address>0x339f</load_address>
         <run_address>0x339f</run_address>
         <size>0x72</size>
         <input_file_ref idref="fl-6"/>
      </object_component>
      <object_component id="oc-241">
         <name>.debug_info</name>
         <load_address>0x3411</load_address>
         <run_address>0x3411</run_address>
         <size>0x15e</size>
         <input_file_ref idref="fl-7"/>
      </object_component>
      <object_component id="oc-247">
         <name>.debug_info</name>
         <load_address>0x356f</load_address>
         <run_address>0x356f</run_address>
         <size>0xfe</size>
         <input_file_ref idref="fl-8"/>
      </object_component>
      <object_component id="oc-24f">
         <name>.debug_info</name>
         <load_address>0x366d</load_address>
         <run_address>0x366d</run_address>
         <size>0x2ff</size>
         <input_file_ref idref="fl-9"/>
      </object_component>
      <object_component id="oc-24c">
         <name>.debug_info</name>
         <load_address>0x396c</load_address>
         <run_address>0x396c</run_address>
         <size>0xfa</size>
         <input_file_ref idref="fl-9"/>
      </object_component>
      <object_component id="oc-111">
         <name>.debug_info</name>
         <load_address>0x3a66</load_address>
         <run_address>0x3a66</run_address>
         <size>0x456</size>
         <input_file_ref idref="fl-9"/>
      </object_component>
      <object_component id="oc-27f">
         <name>.debug_info</name>
         <load_address>0x3ebc</load_address>
         <run_address>0x3ebc</run_address>
         <size>0x3ae</size>
         <input_file_ref idref="fl-a"/>
      </object_component>
      <object_component id="oc-123">
         <name>.debug_info</name>
         <load_address>0x426a</load_address>
         <run_address>0x426a</run_address>
         <size>0x6f7</size>
         <input_file_ref idref="fl-a"/>
      </object_component>
      <object_component id="oc-32">
         <name>.debug_info</name>
         <load_address>0x4961</load_address>
         <run_address>0x4961</run_address>
         <size>0x2c1</size>
         <input_file_ref idref="fl-b"/>
      </object_component>
      <object_component id="oc-13">
         <name>.debug_info</name>
         <load_address>0x4c22</load_address>
         <run_address>0x4c22</run_address>
         <size>0x100</size>
         <input_file_ref idref="fl-b"/>
      </object_component>
      <object_component id="oc-2d">
         <name>.debug_info</name>
         <load_address>0x4d22</load_address>
         <run_address>0x4d22</run_address>
         <size>0x27c</size>
         <input_file_ref idref="fl-b"/>
      </object_component>
      <object_component id="oc-2e8">
         <name>.debug_info</name>
[...]
         <value>0x4f95</value>
         <object_component_ref idref="oc-131"/>
      </symbol>
      <symbol id="sm-492">
         <name>__TI_dtors_ptr</name>
         <value>0x2000187c</value>
         <object_component_ref idref="oc-283"/>
      </symbol>
      <symbol id="sm-493">
         <name>__TI_cleanup_ptr</name>
         <value>0x20001878</value>
         <object_component_ref idref="oc-283"/>
      </symbol>
      <symbol id="sm-494">
         <name>__TI_enable_exit_profile_output</name>
         <value>0x20001880</value>
         <object_component_ref idref="oc-283"/>
      </symbol>
      <symbol id="sm-495">
         <name>exit</name>
         <value>0x4555</value>
         <object_component_ref idref="oc-137"/>
      </symbol>
      <symbol id="sm-4aa">
         <name>_nop</name>
         <value>0xcbb</value>
         <object_component_ref idref="oc-3a7"/>
      </symbol>
      <symbol id="sm-4ab">
         <name>_lock</name>
         <value>0x20001890</value>
         <object_component_ref idref="oc-286"/>
      </symbol>
      <symbol id="sm-4ac">
         <name>_unlock</name>
         <value>0x20001894</value>
         <object_component_ref idref="oc-286"/>
      </symbol>
      <symbol id="sm-4bd">
         <name>memchr</name>
         <value>0x4c45</value>
         <object_component_ref idref="oc-40c"/>
      </symbol>
      <symbol id="sm-546">
         <name>_sys_memory</name>
         <value>0x20000a70</value>
         <object_component_ref idref="oc-27"/>
      </symbol>
      <symbol id="sm-547">
         <name>free</name>
         <value>0x3249</value>
         <object_component_ref idref="oc-520"/>
      </symbol>
      <symbol id="sm-548">
         <name>memalign</name>
         <value>0x2f59</value>
         <object_component_ref idref="oc-5b7"/>
      </symbol>
      <symbol id="sm-549">
         <name>malloc</name>
         <value>0x4f71</value>
         <object_component_ref idref="oc-526"/>
      </symbol>
      <symbol id="sm-54a">
         <name>aligned_alloc</name>
         <value>0x2f59</value>
         <object_component_ref idref="oc-5b7"/>
      </symbol>
      <symbol id="sm-558">
         <name>strlen</name>
         <value>0x4e91</value>
         <object_component_ref idref="oc-406"/>
      </symbol>
      <symbol id="sm-572">
         <name>write</name>
         <value>0x4bd9</value>
         <object_component_ref idref="oc-418"/>
      </symbol>
      <symbol id="sm-583">
         <name>_stream</name>
         <value>0x200017c4</value>
         <object_component_ref idref="oc-4ba"/>
      </symbol>
      <symbol id="sm-584">
         <name>_device</name>
         <value>0x2000174c</value>
         <object_component_ref idref="oc-53f"/>
      </symbol>
      <symbol id="sm-594">
         <name>__TI_cleanup</name>
         <value>0x49dd</value>
         <object_component_ref idref="oc-52c"/>
      </symbol>
      <symbol id="sm-5a6">
         <name>fseek</name>
         <value>0x3fe9</value>
         <object_component_ref idref="oc-4a7"/>
      </symbol>
      <symbol id="sm-5b7">
         <name>HOSTclose</name>
         <value>0x46b9</value>
         <object_component_ref idref="oc-5cd"/>
      </symbol>
      <symbol id="sm-5c8">
         <name>HOSTlseek</name>
         <value>0x3e4d</value>
         <object_component_ref idref="oc-5df"/>
      </symbol>
      <symbol id="sm-5da">
         <name>parmbuf</name>
         <value>0x20001c5c</value>
      </symbol>
      <symbol id="sm-5db">
         <name>HOSTopen</name>
         <value>0x40b1</value>
         <object_component_ref idref="oc-5c7"/>
      </symbol>
      <symbol id="sm-5ec">
         <name>HOSTread</name>
         <value>0x4225</value>
         <object_component_ref idref="oc-5d3"/>
      </symbol>
      <symbol id="sm-5fd">
         <name>HOSTrename</name>
         <value>0x3de1</value>
         <object_component_ref idref="oc-5eb"/>
      </symbol>
      <symbol id="sm-60e">
         <name>HOSTunlink</name>
         <value>0x46fd</value>
         <object_component_ref idref="oc-5e5"/>
      </symbol>
      <symbol id="sm-61f">
         <name>HOSTwrite</name>
         <value>0x427d</value>
         <object_component_ref idref="oc-5d9"/>
      </symbol>
      <symbol id="sm-643">
         <name>__TI_readmsg</name>
         <value>0x4a11</value>
         <object_component_ref idref="oc-63e"/>
      </symbol>
      <symbol id="sm-644">
         <name>C$$IO$$</name>
         <value>0x48fb</value>
         <object_component_ref idref="oc-638"/>
      </symbol>
      <symbol id="sm-645">
         <name>__CIOBUF_</name>
         <value>0x200018b8</value>
         <object_component_ref idref="oc-674"/>
      </symbol>
      <symbol id="sm-646">
         <name>__TI_writemsg</name>
         <value>0x48cd</value>
         <object_component_ref idref="oc-638"/>
      </symbol>
      <symbol id="sm-657">
         <name>lseek</name>
         <value>0x4b89</value>
         <object_component_ref idref="oc-518"/>
      </symbol>
      <symbol id="sm-66c">
         <name>__TI_closefile</name>
         <value>0x3c8d</value>
         <object_component_ref idref="oc-5be"/>
      </symbol>
      <symbol id="sm-694">
         <name>finddevice</name>
         <value>0x4aa9</value>
         <object_component_ref idref="oc-692"/>
      </symbol>
      <symbol id="sm-695">
         <name>getdevice</name>
         <value>0x47c9</value>
         <object_component_ref idref="oc-66a"/>
      </symbol>
      <symbol id="sm-6a5">
         <name>strchr</name>
         <value>0x4e29</value>
         <object_component_ref idref="oc-58a"/>
      </symbol>
      <symbol id="sm-6b4">
         <name>strcmp</name>
         <value>0x4db9</value>
         <object_component_ref idref="oc-6a9"/>
      </symbol>
      <symbol id="sm-6c2">
         <name>strcpy</name>
         <value>0x4e7d</value>
         <object_component_ref idref="oc-652"/>
      </symbol>
      <symbol id="sm-6d2">
         <name>strncpy</name>
         <value>0x493d</value>
         <object_component_ref idref="oc-68c"/>
      </symbol>
      <symbol id="sm-6e7">
         <name>close</name>
         <value>0x4171</value>
         <object_component_ref idref="oc-629"/>
      </symbol>
      <symbol id="sm-6f7">
         <name>unlink</name>
         <value>0x4b35</value>
         <object_component_ref idref="oc-62f"/>
      </symbol>
      <symbol id="sm-769">
         <name>ADCProcessorTrigger</name>
         <value>0x4d41</value>
         <object_component_ref idref="oc-22b"/>
      </symbol>
      <symbol id="sm-76a">
         <name>ADCSequenceEnable</name>
         <value>0x4efd</value>
         <object_component_ref idref="oc-225"/>
      </symbol>
      <symbol id="sm-76b">
         <name>ADCSequenceConfigure</name>
         <value>0x4421</value>
         <object_component_ref idref="oc-20d"/>
      </symbol>
      <symbol id="sm-76c">
         <name>ADCIntEnable</name>
         <value>0x4edb</value>
         <object_component_ref idref="oc-21f"/>
      </symbol>
      <symbol id="sm-76d">
         <name>ADCSequenceStepConfigure</name>
         <value>0x3b21</value>
         <object_component_ref idref="oc-213"/>
      </symbol>
      <symbol id="sm-76e">
         <name>ADCIntClear</name>
         <value>0x4f4b</value>
         <object_component_ref idref="oc-366"/>
      </symbol>
      <symbol id="sm-76f">
         <name>ADCIntRegister</name>
         <value>0x4d29</value>
         <object_component_ref idref="oc-219"/>
      </symbol>
      <symbol id="sm-770">
         <name>ADCSequenceDataGet</name>
         <value>0x4c65</value>
         <object_component_ref idref="oc-360"/>
      </symbol>
      <symbol id="sm-811">
         <name>GPIOIntRegister</name>
         <value>0x4d59</value>
         <object_component_ref idref="oc-1d2"/>
      </symbol>
      <symbol id="sm-812">
         <name>GPIOPinConfigure</name>
         <value>0x4471</value>
         <object_component_ref idref="oc-2a8"/>
      </symbol>
      <symbol id="sm-813">
         <name>GPIOIntEnable</name>
         <value>0x4f27</value>
         <object_component_ref idref="oc-1e4"/>
      </symbol>
      <symbol id="sm-814">
         <name>GPIOIntTypeSet</name>
         <value>0x41cd</value>
         <object_component_ref idref="oc-1d8"/>
      </symbol>
      <symbol id="sm-815">
         <name>GPIOPinTypeGPIOInput</name>
         <value>0x4de7</value>
         <object_component_ref idref="oc-1c6"/>
      </symbol>
      <symbol id="sm-816">
         <name>GPIOIntClear</name>
         <value>0x4f79</value>
         <object_component_ref idref="oc-1f7"/>
      </symbol>
      <symbol id="sm-817">
         <name>GPIOPinTypeUART</name>
         <value>0x4e13</value>
         <object_component_ref idref="oc-37b"/>
      </symbol>
      <symbol id="sm-818">
         <name>GPIOPinTypeGPIOOutput</name>
         <value>0x4cf5</value>
         <object_component_ref idref="oc-374"/>
      </symbol>
      <symbol id="sm-819">
         <name>GPIOPinRead</name>
         <value>0x4f7f</value>
         <object_component_ref idref="oc-1f1"/>
      </symbol>
      <symbol id="sm-81a">
         <name>GPIODirModeSet</name>
         <value>0x4b07</value>
         <object_component_ref idref="oc-272"/>
      </symbol>
      <symbol id="sm-81b">
         <name>GPIOPinWrite</name>
         <value>0x4f85</value>
         <object_component_ref idref="oc-278"/>
      </symbol>
      <symbol id="sm-81c">
         <name>GPIOPadConfigSet</name>
         <value>0x25c5</value>
         <object_component_ref idref="oc-1cc"/>
      </symbol>
      <symbol id="sm-81d">
         <name>GPIOPinTypeTimer</name>
         <value>0x4dfd</value>
         <object_component_ref idref="oc-2a2"/>
      </symbol>
      <symbol id="sm-85f">
         <name>IntPrioritySet</name>
         <value>0x4c01</value>
         <object_component_ref idref="oc-1de"/>
      </symbol>
      <symbol id="sm-860">
         <name>IntEnable</name>
         <value>0x3eb5</value>
         <object_component_ref idref="oc-32b"/>
      </symbol>
      <symbol id="sm-861">
         <name>IntRegister</name>
         <value>0x4975</value>
         <object_component_ref idref="oc-2f9"/>
      </symbol>
      <symbol id="sm-862">
         <name>g_pfnRAMVectors</name>
         <value>0x20000000</value>
         <object_component_ref idref="oc-3fc"/>
      </symbol>
      <symbol id="sm-8b5">
         <name>SysCtlClockSet</name>
         <value>0x3155</value>
         <object_component_ref idref="oc-25f"/>
      </symbol>
      <symbol id="sm-8b6">
         <name>SysCtlDelay</name>
         <value>0x4f8b</value>
         <object_component_ref idref="oc-25e"/>
      </symbol>
      <symbol id="sm-8b7">
         <name>SysCtlPeripheralEnable</name>
         <value>0x49a9</value>
         <object_component_ref idref="oc-1c0"/>
      </symbol>
      <symbol id="sm-8b8">
         <name>SysCtlClockGet</name>
         <value>0x2c1d</value>
         <object_component_ref idref="oc-18c"/>
      </symbol>
      <symbol id="sm-8ec">
         <name>TimerMatchSet</name>
         <value>0x4eb7</value>
         <object_component_ref idref="oc-2c6"/>
      </symbol>
      <symbol id="sm-8ed">
         <name>TimerLoadSet</name>
         <value>0x4ea5</value>
         <object_component_ref idref="oc-2c0"/>
      </symbol>
      <symbol id="sm-8ee">
         <name>TimerControlLevel</name>
         <value>0x4d71</value>
         <object_component_ref idref="oc-2b4"/>
      </symbol>
      <symbol id="sm-8ef">
         <name>TimerEnable</name>
         <value>0x4f0b</value>
         <object_component_ref idref="oc-2ba"/>
      </symbol>
      <symbol id="sm-8f0">
         <name>TimerConfigure</name>
         <value>0x4111</value>
         <object_component_ref idref="oc-2ae"/>
      </symbol>
      <symbol id="sm-94a">
         <name>EventInit</name>
         <value>0x1433</value>
         <object_component_ref idref="oc-e2"/>
      </symbol>
      <symbol id="sm-94b">
         <name>EventExecute</name>
         <value>0x15bd</value>
         <object_component_ref idref="oc-e2"/>
      </symbol>
      <symbol id="sm-94c">
         <name>EventSchedulerInit</name>
         <value>0x13b7</value>
         <object_component_ref idref="oc-e2"/>
      </symbol>
      <symbol id="sm-94d">
         <name>EventGetCurrentTime</name>
         <value>0x1609</value>
         <object_component_ref idref="oc-e2"/>
      </symbol>
      <symbol id="sm-94e">
         <name>HeapifyDownwards</name>
         <value>0x1249</value>
         <object_component_ref idref="oc-e2"/>
      </symbol>
      <symbol id="sm-94f">
         <name>HeapifyUpwards</name>
         <value>0x1319</value>
         <object_component_ref idref="oc-e2"/>
      </symbol>
      <symbol id="sm-950">
         <name>EventSchedule</name>
         <value>0x1489</value>
         <object_component_ref idref="oc-e2"/>
      </symbol>
      <symbol id="sm-951">
         <name>EventDeschedule</name>
         <value>0x1561</value>
         <object_component_ref idref="oc-e2"/>
      </symbol>
      <symbol id="sm-965">
         <name>LaunchPadInit</name>
         <value>0x369d</value>
         <object_component_ref idref="oc-11c"/>
      </symbol>
      <symbol id="sm-966">
         <name>WaitUs</name>
         <value>0x3671</value>
         <object_component_ref idref="oc-11c"/>
      </symbol>
      <symbol id="sm-977">
         <name>LedInit</name>
         <value>0x3a21</value>
         <object_component_ref idref="oc-265"/>
      </symbol>
      <symbol id="sm-978">
         <name>LedTurnOnOff</name>
         <value>0x3a43</value>
         <object_component_ref idref="oc-265"/>
      </symbol>
      <symbol id="sm-9ad">
         <name>PushButtonRead</name>
         <value>0x24bf</value>
         <object_component_ref idref="oc-e8"/>
      </symbol>
      <symbol id="sm-9ae">
         <name>PushButtonInit</name>
         <value>0x242d</value>
         <object_component_ref idref="oc-e8"/>
      </symbol>
      <symbol id="sm-9af">
         <name>PushButtonEventRegister</name>
         <value>0x2495</value>
         <object_component_ref idref="oc-e8"/>
      </symbol>
      <symbol id="sm-9b0">
         <name>PushButtonSetDebouncingDelay</name>
         <value>0x24af</value>
         <object_component_ref idref="oc-e8"/>
      </symbol>
      <symbol id="sm-9ca">
         <name>UartPutString</name>
         <value>0x3607</value>
         <object_component_ref idref="oc-26b"/>
      </symbol>
      <symbol id="sm-9cb">
         <name>UartPutChar</name>
         <value>0x35e3</value>
         <object_component_ref idref="oc-26b"/>
      </symbol>
      <symbol id="sm-9cc">
         <name>UartGetChar</name>
         <value>0x35f5</value>
         <object_component_ref idref="oc-26b"/>
      </symbol>
      <symbol id="sm-9cd">
         <name>uprintf</name>
         <value>0x3633</value>
         <object_component_ref idref="oc-26b"/>
      </symbol>
      <symbol id="sm-9ce">
         <name>UartInit</name>
         <value>0x35a9</value>
         <object_component_ref idref="oc-26b"/>
      </symbol>
      <symbol id="sm-9f8">
         <name>vsnprintf</name>
         <value>0x484d</value>
         <object_component_ref idref="oc-393"/>
      </symbol>
      <symbol id="sm-a05">
         <name>__aeabi_uldivmod</name>
         <value>0x387f</value>
         <object_component_ref idref="oc-259"/>
      </symbol>
      <symbol id="sm-b6a">
         <name>__TI_printfi</name>
         <value>0x26d</value>
         <object_component_ref idref="oc-45e"/>
      </symbol>
      <symbol id="sm-b8c">
         <name>__aeabi_cdcmpeq</name>
         <value>0x3915</value>
         <object_component_ref idref="oc-4dd"/>
      </symbol>
      <symbol id="sm-b8d">
         <name>__aeabi_cdcmple</name>
         <value>0x3915</value>
         <object_component_ref idref="oc-4dd"/>
      </symbol>
      <symbol id="sm-b8e">
         <name>__aeabi_cdrcmple</name>
         <value>0x399b</value>
         <object_component_ref idref="oc-558"/>
      </symbol>
      <symbol id="sm-b9d">
         <name>__TI_ltoa</name>
         <value>0x432b</value>
         <object_component_ref idref="oc-55d"/>
      </symbol>
      <symbol id="sm-bb3">
         <name>atoi</name>
         <value>0x4509</value>
         <object_component_ref idref="oc-4d1"/>
      </symbol>
      <symbol id="sm-bbe">
         <name>_ctypes_</name>
         <value>0x4f98</value>
         <object_component_ref idref="oc-551"/>
      </symbol>
      <symbol id="sm-bce">
         <name>memccpy</name>
         <value>0x4cd9</value>
         <object_component_ref idref="oc-4fa"/>
      </symbol>
      <symbol id="sm-be7">
         <name>wcslen</name>
         <value>0x4ec9</value>
         <object_component_ref idref="oc-500"/>
      </symbol>
      <symbol id="sm-bfd">
         <name>frexpl</name>
         <value>0x3f85</value>
         <object_component_ref idref="oc-57e"/>
      </symbol>
      <symbol id="sm-bfe">
         <name>frexp</name>
         <value>0x3f85</value>
         <object_component_ref idref="oc-57e"/>
      </symbol>
      <symbol id="sm-c1b">
         <name>scalbn</name>
         <value>0x2e49</value>
         <object_component_ref idref="oc-584"/>
      </symbol>
      <symbol id="sm-c1c">
         <name>scalbnl</name>
         <value>0x2e49</value>
         <object_component_ref idref="oc-584"/>
      </symbol>
      <symbol id="sm-c1d">
         <name>ldexpl</name>
         <value>0x2e49</value>
         <object_component_ref idref="oc-584"/>
      </symbol>
      <symbol id="sm-c1e">
         <name>ldexp</name>
         <value>0x2e49</value>
         <object_component_ref idref="oc-584"/>
      </symbol>
      <symbol id="sm-c28">
         <name>copysign</name>
         <value>0x4d0f</value>
         <object_component_ref idref="oc-603"/>
      </symbol>
      <symbol id="sm-c29">
         <name>copysignl</name>
         <value>0x4d0f</value>
         <object_component_ref idref="oc-603"/>
      </symbol>
      <symbol id="sm-c56">
         <name>SysTickEnable</name>
         <value>0x4e41</value>
         <object_component_ref idref="oc-1a4"/>
      </symbol>
      <symbol id="sm-c57">
         <name>SysTickIntRegister</name>
         <value>0x4c85</value>
         <object_component_ref idref="oc-198"/>
      </symbol>
      <symbol id="sm-c58">
         <name>SysTickIntEnable</name>
         <value>0x4e55</value>
         <object_component_ref idref="oc-19e"/>
      </symbol>
      <symbol id="sm-c59">
         <name>SysTickPeriodSet</name>
         <value>0x4eed</value>
         <object_component_ref idref="oc-192"/>
      </symbol>
      <symbol id="sm-c8c">
         <name>UARTConfigSetExpClk</name>
         <value>0x45e5</value>
         <object_component_ref idref="oc-381"/>
      </symbol>
      <symbol id="sm-c8d">
         <name>UARTDisable</name>
         <value>0x4c25</value>
         <object_component_ref idref="oc-44e"/>
      </symbol>
      <symbol id="sm-c8e">
         <name>UARTCharPut</name>
         <value>0x4f5f</value>
         <object_component_ref idref="oc-387"/>
      </symbol>
      <symbol id="sm-c8f">
         <name>UARTEnable</name>
         <value>0x4e69</value>
         <object_component_ref idref="oc-454"/>
      </symbol>
      <symbol id="sm-c90">
         <name>UARTCharGet</name>
         <value>0x4f55</value>
         <object_component_ref idref="oc-38d"/>
      </symbol>
      <symbol id="sm-c91">
         <name>__TI_static_base__</name>
         <value>0x0</value>
      </symbol>
      <symbol id="sm-c94">
         <name>__mpu_init</name>
         <value>0x0</value>
      </symbol>
      <symbol id="sm-c95">
         <name>_system_post_cinit</name>
         <value>0x0</value>
      </symbol>
      <symbol id="sm-c96">
         <name>remove</name>
         <value>0x4b35</value>
      </symbol>
   </symbol_table>
   <title>Link successful</title>
</link_info>
